Microchip MPLAB XC8 Compiler V2.31

Linker command line:

-W-3 --edf=C:\Program Files\Microchip\xc8\v2.31\pic\dat\en_msgs.txt -cn \
  -h+dist/default/production\Proyecto1slv1.X.production.sym \
  --cmf=dist/default/production\Proyecto1slv1.X.production.cmf -z -Q16F887 \
  -oC:\Users\franc\AppData\Local\Temp\sk78.2 --defsym=__MPLAB_BUILD=1 \
  -Mdist/default/production/Proyecto1slv1.X.production.map -E1 \
  -ver=XC8 Compiler --acfsm=1493 -ASTACK=0110h-016Fh -pstack=STACK \
  -ACODE=00h-07FFhx4 -ASTRCODE=00h-01FFFh -ASTRING=00h-0FFhx32 \
  -ACONST=00h-0FFhx32 -AENTRY=00h-0FFhx32 -ACOMMON=070h-07Fh \
  -ABANK0=020h-06Fh -ABANK1=0A0h-0EFh -ABANK2=0110h-016Fh \
  -ABANK3=0190h-01EFh -ARAM=020h-06Fh,0A0h-0EFh,0110h-016Fh,0190h-01EFh \
  -AABS1=020h-07Fh,0A0h-0EFh,0110h-016Fh,0190h-01EFh -ASFR0=00h-01Fh \
  -ASFR1=080h-09Fh -ASFR2=0100h-010Fh -ASFR3=0180h-018Fh \
  -ACONFIG=02007h-02008h -DCONFIG=2 -AIDLOC=02000h-02003h -DIDLOC=2 \
  -AEEDATA=00h-0FFh/02100h -peeprom_data=EEDATA -DEEDATA=2 -DCODE=2 \
  -DSTRCODE=2 -DSTRING=2 -DCONST=2 -DENTRY=2 \
  -preset_vec=00h,intentry=04h,init,end_init -ppowerup=CODE -pcinit=CODE \
  -pfunctab=ENTRY -k C:\Users\franc\AppData\Local\Temp\sk78.o \
  dist/default/production\Proyecto1slv1.X.production.o 

Object code version is 3.11

Machine type is 16F887



                Name                               Link     Load   Length Selector   Space Scale
C:\Users\franc\AppData\Local\Temp\sk78.o
                end_init                              E        E        3        8       0
                reset_vec                             0        0        3        0       0
                config                             2007     2007        2        0       4
dist/default/production\Proyecto1slv1.X.production.o
                cinit                                11       11       23        8       0
                intentry                              4        4        A        8       0
                config                             2007     2007        2        0       4
                text11                              244      244      102        8       0
                text10                              346      346       69        8       0
                text9                               54A      54A       1A        8       0
                text8                               40A      40A       5B        8       0
                text7                               4E0      4E0       2D        8       0
                text6                               4B3      4B3       2D        8       0
                text5                               581      581        A        8       0
                text4                               3AF      3AF       5B        8       0
                text3                               50D      50D       21        8       0
                text2                               52E      52E       1C        8       0
                text1                               465      465       4E        8       0
                maintext                             34       34      210        8       0
                cstackBANK0                          20       20       13       20       1
                cstackCOMMON                         75       75        5       70       1
                inittext                            564      564       13        8       0
                dataBANK0                            3F       3F        A       20       1
                bssBANK0                             33       33        C       20       1
                bssCOMMON                            70       70        5       70       1
                strings                             58B      58B        9      B16       0
                nvBANK0                              49       49        1       20       1
                idataBANK0                          577      577        A        8       0

TOTAL           Name                               Link     Load   Length     Space
        CLASS   STACK          

        CLASS   CODE           
                end_init                              E        E        3         0
                cinit                                11       11       23         0
                intentry                              4        4        A         0
                reset_vec                             0        0        3         0
                text11                              244      244      102         0
                text10                              346      346       69         0
                text9                               54A      54A       1A         0
                text8                               40A      40A       5B         0
                text7                               4E0      4E0       2D         0
                text6                               4B3      4B3       2D         0
                text5                               581      581        A         0
                text4                               3AF      3AF       5B         0
                text3                               50D      50D       21         0
                text2                               52E      52E       1C         0
                text1                               465      465       4E         0
                maintext                             34       34      210         0
                inittext                            564      564       13         0
                idataBANK0                          577      577        A         0

        CLASS   STRCODE        

        CLASS   STRING         
                strings                             58B      58B        9         0

        CLASS   CONST          

        CLASS   ENTRY          

        CLASS   COMMON         
                cstackCOMMON                         75       75        5         1
                bssCOMMON                            70       70        5         1

        CLASS   BANK0          
                cstackBANK0                          20       20       13         1
                dataBANK0                            3F       3F        A         1
                bssBANK0                             33       33        C         1
                nvBANK0                              49       49        1         1

        CLASS   BANK1          

        CLASS   BANK2          

        CLASS   BANK3          

        CLASS   RAM            

        CLASS   ABS1           
                abs_s1                               7E       7E        2         1

        CLASS   SFR0           

        CLASS   SFR1           

        CLASS   SFR2           

        CLASS   SFR3           

        CLASS   CONFIG         
                config                             2007     2007        2         4

        CLASS   IDLOC          

        CLASS   EEDATA         



SEGMENTS        Name                           Load    Length   Top    Selector   Space  Class     Delta

                reset_vec                      000000  000003  000003         0       0  CODE        2
                intentry                       000004  000587  00058B         8       0  CODE        2
                cstackBANK0                    000020  00002A  00004A        20       1  BANK0       1
                bssCOMMON                      000070  00000A  00007A        70       1  COMMON      1
                strings                        00058B  000009  000594       B16       0  STRING      2


UNUSED ADDRESS RANGES

        Name                Unused          Largest block    Delta
        BANK0            004A-006F             26           1
        BANK1            00A0-00EF             50           1
        BANK2            0110-016F             60           1
        BANK3            0190-01EF             60           1
        CODE             0003-0003              1           2
                         0594-1FFF            800
        COMMON           007A-007D              4           1
        CONST            0003-0003              1           2
                         0594-1FFF            100
        EEDATA           2100-21FF            100           2
        ENTRY            0003-0003              1           2
                         0594-1FFF            100
        IDLOC            2000-2003              4           2
        RAM              004A-006F             26           1
                         00A0-00EF             50
                         0110-016F             60
                         0190-01EF             60
        SFR0             0000-001F             20           1
        SFR1             0080-009F             20           1
        SFR2             0100-010F             10           1
        SFR3             0180-018F             10           1
        STACK            0110-016F             60           1
        STRCODE          0003-0003              1           2
                         0594-1FFF           1A6C
        STRING           0003-0003              1           2
                         0594-1FFF            100

                                  Symbol Table

?_BTD_CENTENA            cstackBANK0  0029
?_BTD_DECIMAL            cstackBANK0  0029
?_BTD_UNIDAD             cstackBANK0  0027
?___awdiv                cstackBANK0  0020
?___awmod                cstackBANK0  0020
?_int_string             cstackBANK0  002F
BTD_CENTENA@salida       cstackBANK0  002B
BTD_CENTENA@valor        cstackBANK0  0029
BTD_DECIMAL@salida1      cstackBANK0  002D
BTD_DECIMAL@temporal1    cstackBANK0  002B
BTD_DECIMAL@valor1       cstackBANK0  0029
BTD_UNIDAD@salida2       cstackBANK0  002B
BTD_UNIDAD@temporal2     cstackBANK0  0029
BTD_UNIDAD@valor2        cstackBANK0  0027
I2C_Slave_Init@address   cstackBANK0  0020
_ADCON0bits              (abs)        001F
_ADCON1bits              (abs)        009F
_ADIF                    (abs)        0066
_ADRESH                  (abs)        001E
_ANSEL                   (abs)        0188
_ANSELH                  (abs)        0189
_BF                      (abs)        04A0
_BRG16                   (abs)        0C3B
_BRGH                    (abs)        04C2
_BTD_CENTENA             text9        054A
_BTD_DECIMAL             text7        04E0
_BTD_UNIDAD              text6        04B3
_GIE                     (abs)        005F
_Humidity                dataBANK0    003F
_I2C_Slave_Init          text2        052E
_INTCONbits              (abs)        000B
_OPTION_REGbits          (abs)        0081
_OSCCONbits              (abs)        008F
_PEIE                    (abs)        005E
_PIE1bits                (abs)        008C
_PIR1bits                (abs)        000C
_PORTA                   (abs)        0005
_PORTD                   (abs)        0008
_RCIF                    (abs)        0065
_RCREG                   (abs)        001A
_RCSTAbits               (abs)        0018
_RD1                     (abs)        0041
_SPBRG                   (abs)        0099
_SPBRGH                  (abs)        009A
_SSPADD                  (abs)        0093
_SSPBUF                  (abs)        0013
_SSPCON                  (abs)        0014
_SSPCON2                 (abs)        0091
_SSPCON2bits             (abs)        0091
_SSPCONbits              (abs)        0014
_SSPIE                   (abs)        0463
_SSPIF                   (abs)        0063
_SSPSTAT                 (abs)        0094
_SSPSTATbits             (abs)        0094
_T0IF                    (abs)        005A
_TMR0                    (abs)        0001
_TRISA                   (abs)        0085
_TRISC3                  (abs)        043B
_TRISC4                  (abs)        043C
_TRISCbits               (abs)        0087
_TRISD                   (abs)        0088
_TXIF                    (abs)        0064
_TXREG                   (abs)        0019
_TXSTAbits               (abs)        0098
_Temperature             dataBANK0    0044
_VCFG0                   (abs)        04FC
_VCFG1                   (abs)        04FD
__Habs1                  abs1         0000
__Hbank0                 bank0        0000
__Hbank1                 bank1        0000
__Hbank2                 bank2        0000
__Hbank3                 bank3        0000
__HbssBANK0              bssBANK0     0000
__HbssCOMMON             bssCOMMON    0000
__Hcinit                 cinit        0034
__Hclrtext               clrtext      0000
__Hcode                  code         0000
__Hcommon                common       0000
__Hconfig                config       2009
__HcstackBANK0           cstackBANK0  0000
__HcstackCOMMON          cstackCOMMON 0000
__HdataBANK0             dataBANK0    0000
__Heeprom_data           eeprom_data  0000
__Hend_init              end_init     0011
__Hfunctab               functab      0000
__HidataBANK0            idataBANK0   0000
__Hinit                  init         000E
__Hinittext              inittext     0000
__Hintentry              intentry     000E
__Hmaintext              maintext     0000
__HnvBANK0               nvBANK0      0000
__Hpowerup               powerup      0000
__Hram                   ram          0000
__Hreset_vec             reset_vec    0003
__Hsfr0                  sfr0         0000
__Hsfr1                  sfr1         0000
__Hsfr2                  sfr2         0000
__Hsfr3                  sfr3         0000
__Hspace_0               (abs)        0594
__Hspace_1               (abs)        007A
__Hspace_2               (abs)        0000
__Hspace_3               (abs)        0000
__Hspace_4               (abs)        4010
__Hstack                 stack        0000
__Hstrings               strings      0000
__Htext                  text         0000
__Labs1                  abs1         0000
__Lbank0                 bank0        0000
__Lbank1                 bank1        0000
__Lbank2                 bank2        0000
__Lbank3                 bank3        0000
__LbssBANK0              bssBANK0     0000
__LbssCOMMON             bssCOMMON    0000
__Lcinit                 cinit        0011
__Lclrtext               clrtext      0000
__Lcode                  code         0000
__Lcommon                common       0000
__Lconfig                config       0000
__LcstackBANK0           cstackBANK0  0000
__LcstackCOMMON          cstackCOMMON 0000
__LdataBANK0             dataBANK0    0000
__Leeprom_data           eeprom_data  0000
__Lend_init              end_init     000E
__Lfunctab               functab      0000
__LidataBANK0            idataBANK0   0000
__Linit                  init         000E
__Linittext              inittext     0000
__Lintentry              intentry     0004
__Lmaintext              maintext     0000
__LnvBANK0               nvBANK0      0000
__Lpowerup               powerup      0000
__Lram                   ram          0000
__Lreset_vec             reset_vec    0000
__Lsfr0                  sfr0         0000
__Lsfr1                  sfr1         0000
__Lsfr2                  sfr2         0000
__Lsfr3                  sfr3         0000
__Lspace_0               (abs)        0000
__Lspace_1               (abs)        0000
__Lspace_2               (abs)        0000
__Lspace_3               (abs)        0000
__Lspace_4               (abs)        0000
__Lstack                 stack        0000
__Lstrings               strings      0000
__Ltext                  text         0000
__S0                     (abs)        0594
__S1                     (abs)        007A
__S2                     (abs)        0000
__S3                     (abs)        0000
___awdiv                 text10       0346
___awdiv@counter         cstackBANK0  0025
___awdiv@dividend        cstackBANK0  0022
___awdiv@divisor         cstackBANK0  0020
___awdiv@quotient        cstackBANK0  0027
___awdiv@sign            cstackBANK0  0026
___awmod                 text8        040A
___awmod@counter         cstackBANK0  0025
___awmod@dividend        cstackBANK0  0022
___awmod@divisor         cstackBANK0  0020
___awmod@sign            cstackBANK0  0026
___int_sp                stack        0000
___latbits               (abs)        0002
___sp                    stack        0000
___stackhi               (abs)        0000
___stacklo               (abs)        0000
__end_of_BTD_CENTENA     text9        0564
__end_of_BTD_DECIMAL     text7        050D
__end_of_BTD_UNIDAD      text6        04E0
__end_of_I2C_Slave_Init  text2        054A
__end_of___awdiv         text10       03AF
__end_of___awmod         text8        0465
__end_of__initialization cinit        0030
__end_of__stringtab      strings      0591
__end_of_enviar_letra    text5        058B
__end_of_int_string      text4        040A
__end_of_isr             text11       0346
__end_of_main            maintext     0244
__end_of_print           text3        052E
__end_of_setup           text1        04B3
__initialization         cinit        0011
__pbssBANK0              bssBANK0     0033
__pbssCOMMON             bssCOMMON    0070
__pcstackBANK0           cstackBANK0  0020
__pcstackCOMMON          cstackCOMMON 0075
__pdataBANK0             dataBANK0    003F
__pidataBANK0            idataBANK0   0577
__pintentry              intentry     0004
__pmaintext              maintext     0034
__pnvBANK0               nvBANK0      0049
__pstrings               strings      058B
__ptext1                 text1        0465
__ptext10                text10       0346
__ptext11                text11       0244
__ptext2                 text2        052E
__ptext3                 text3        050D
__ptext4                 text4        03AF
__ptext5                 text5        0581
__ptext6                 text6        04B3
__ptext7                 text7        04E0
__ptext8                 text8        040A
__ptext9                 text9        054A
__size_of_BTD_CENTENA    (abs)        0000
__size_of_BTD_DECIMAL    (abs)        0000
__size_of_BTD_UNIDAD     (abs)        0000
__size_of_I2C_Slave_Init (abs)        0000
__size_of___awdiv        (abs)        0000
__size_of___awmod        (abs)        0000
__size_of_enviar_letra   (abs)        0000
__size_of_int_string     (abs)        0000
__size_of_isr            (abs)        0000
__size_of_main           (abs)        0000
__size_of_print          (abs)        0000
__size_of_setup          (abs)        0000
__stringbase             strings      0590
__stringtab              strings      058B
_bandera_dht             bssBANK0     0035
_banderas                nvBANK0      0049
_contador_dht            bssCOMMON    0070
_contador_timer          bssCOMMON    0071
_entrada                 bssBANK0     0036
_enviar_letra            text5        0581
_hum_dht                 bssBANK0     0033
_int_string              text4        03AF
_isr                     text11       0244
_luz1                    bssBANK0     0039
_luz2                    bssBANK0     0038
_main                    maintext     0034
_print                   text3        050D
_setup                   text1        0465
_solicitud               bssCOMMON    0072
_temp1                   bssBANK0     003B
_temp2                   bssBANK0     003A
_temp_dht                bssBANK0     0034
_z                       bssBANK0     0037
btemp                    (abs)        007E
end_of_initialization    cinit        0030
enviar_letra@letra       cstackBANK0  0020
init_fetch0              inittext     0564
init_ram0                inittext     0568
int_string@valor         cstackBANK0  002F
interrupt_function       intentry     0004
intlevel0                functab      0000
intlevel1                functab      0000
intlevel2                functab      0000
intlevel3                functab      0000
intlevel4                functab      0000
intlevel5                functab      0000
print@palabra            cstackBANK0  0021
reset_vec                reset_vec    0000
saved_w                  (abs)        007E
start                    init         000E
start_initialization     cinit        0011
wtemp0                   (abs)        007E


FUNCTION INFORMATION:

 *************** function _main *****************
 Defined at:
		line 170 in file "MAINSLV1.c"
 Parameters:    Size  Location     Type
		None
 Auto vars:     Size  Location     Type
		None
 Return value:  Size  Location     Type
                  1    wreg      void 
 Registers used:
		wreg, fsr0l, fsr0h, status,2, status,0, pclath, cstack
 Tracked objects:
		On entry : 
		On exit  : 
		Unchanged: 
 Data sizes:     COMMON   BANK0   BANK1   BANK3   BANK2
      Params:         0       0       0       0       0
      Locals:         0       0       0       0       0
      Temps:          0       2       0       0       0
      Totals:         0       2       0       0       0
Total ram usage:        2 bytes
 Hardware stack levels required when called:    3
 This function calls:
		_BTD_CENTENA
		_BTD_DECIMAL
		_BTD_UNIDAD
		_enviar_letra
		_int_string
		_print
		_setup
 This function is called by:
		Startup code after reset
 This function uses a non-reentrant model


 *************** function _setup *****************
 Defined at:
		line 219 in file "MAINSLV1.c"
 Parameters:    Size  Location     Type
		None
 Auto vars:     Size  Location     Type
		None
 Return value:  Size  Location     Type
                  1    wreg      void 
 Registers used:
		wreg, status,2, status,0, pclath, cstack
 Tracked objects:
		On entry : 
		On exit  : 
		Unchanged: 
 Data sizes:     COMMON   BANK0   BANK1   BANK3   BANK2
      Params:         0       0       0       0       0
      Locals:         0       0       0       0       0
      Temps:          0       0       0       0       0
      Totals:         0       0       0       0       0
Total ram usage:        0 bytes
 Hardware stack levels used:    1
 Hardware stack levels required when called:    2
 This function calls:
		_I2C_Slave_Init
 This function is called by:
		_main
 This function uses a non-reentrant model


 *************** function _I2C_Slave_Init *****************
 Defined at:
		line 93 in file "I2C.c"
 Parameters:    Size  Location     Type
  address         1    wreg     unsigned char 
 Auto vars:     Size  Location     Type
  address         1    0[BANK0 ] unsigned char 
 Return value:  Size  Location     Type
                  1    wreg      void 
 Registers used:
		wreg
 Tracked objects:
		On entry : 
		On exit  : 
		Unchanged: 
 Data sizes:     COMMON   BANK0   BANK1   BANK3   BANK2
      Params:         0       0       0       0       0
      Locals:         0       1       0       0       0
      Temps:          0       0       0       0       0
      Totals:         0       1       0       0       0
Total ram usage:        1 bytes
 Hardware stack levels used:    1
 Hardware stack levels required when called:    1
 This function calls:
		Nothing
 This function is called by:
		_setup
 This function uses a non-reentrant model


 *************** function _print *****************
 Defined at:
		line 16 in file "PRINT_SERIAL.c"
 Parameters:    Size  Location     Type
  palabra         1    wreg     PTR unsigned char 
		 -> STR_1(3), 
 Auto vars:     Size  Location     Type
  palabra         1    1[BANK0 ] PTR unsigned char 
		 -> STR_1(3), 
 Return value:  Size  Location     Type
                  1    wreg      void 
 Registers used:
		wreg, fsr0l, fsr0h, status,2, status,0, pclath
 Tracked objects:
		On entry : 
		On exit  : 
		Unchanged: 
 Data sizes:     COMMON   BANK0   BANK1   BANK3   BANK2
      Params:         0       0       0       0       0
      Locals:         0       1       0       0       0
      Temps:          0       1       0       0       0
      Totals:         0       2       0       0       0
Total ram usage:        2 bytes
 Hardware stack levels used:    2
 Hardware stack levels required when called:    1
 This function calls:
		Nothing
 This function is called by:
		_main
 This function uses a non-reentrant model


 *************** function _int_string *****************
 Defined at:
		line 39 in file "PRINT_SERIAL.c"
 Parameters:    Size  Location     Type
  valor           2   15[BANK0 ] int 
 Auto vars:     Size  Location     Type
		None
 Return value:  Size  Location     Type
                  2   15[BANK0 ] int 
 Registers used:
		wreg, fsr0l, fsr0h, status,2, status,0
 Tracked objects:
		On entry : 
		On exit  : 
		Unchanged: 
 Data sizes:     COMMON   BANK0   BANK1   BANK3   BANK2
      Params:         0       2       0       0       0
      Locals:         0       0       0       0       0
      Temps:          0       0       0       0       0
      Totals:         0       2       0       0       0
Total ram usage:        2 bytes
 Hardware stack levels used:    1
 Hardware stack levels required when called:    1
 This function calls:
		Nothing
 This function is called by:
		_main
 This function uses a non-reentrant model


 *************** function _enviar_letra *****************
 Defined at:
		line 34 in file "PRINT_SERIAL.c"
 Parameters:    Size  Location     Type
  letra           1    wreg     unsigned char 
 Auto vars:     Size  Location     Type
  letra           1    0[BANK0 ] unsigned char 
 Return value:  Size  Location     Type
                  1    wreg      void 
 Registers used:
		wreg
 Tracked objects:
		On entry : 
		On exit  : 
		Unchanged: 
 Data sizes:     COMMON   BANK0   BANK1   BANK3   BANK2
      Params:         0       0       0       0       0
      Locals:         0       1       0       0       0
      Temps:          0       0       0       0       0
      Totals:         0       1       0       0       0
Total ram usage:        1 bytes
 Hardware stack levels used:    1
 Hardware stack levels required when called:    1
 This function calls:
		Nothing
 This function is called by:
		_main
		_println
 This function uses a non-reentrant model


 *************** function _BTD_UNIDAD *****************
 Defined at:
		line 25 in file "BTD_CONVERTER.c"
 Parameters:    Size  Location     Type
  valor2          2    7[BANK0 ] int 
 Auto vars:     Size  Location     Type
  salida2         2   11[BANK0 ] int 
  temporal2       2    9[BANK0 ] int 
 Return value:  Size  Location     Type
                  2    7[BANK0 ] int 
 Registers used:
		wreg, status,2, status,0, pclath, cstack
 Tracked objects:
		On entry : 
		On exit  : 
		Unchanged: 
 Data sizes:     COMMON   BANK0   BANK1   BANK3   BANK2
      Params:         0       2       0       0       0
      Locals:         0       4       0       0       0
      Temps:          0       0       0       0       0
      Totals:         0       6       0       0       0
Total ram usage:        6 bytes
 Hardware stack levels used:    1
 Hardware stack levels required when called:    2
 This function calls:
		___awmod
 This function is called by:
		_main
 This function uses a non-reentrant model


 *************** function _BTD_DECIMAL *****************
 Defined at:
		line 18 in file "BTD_CONVERTER.c"
 Parameters:    Size  Location     Type
  valor1          2    9[BANK0 ] int 
 Auto vars:     Size  Location     Type
  salida1         2   13[BANK0 ] int 
  temporal1       2   11[BANK0 ] int 
 Return value:  Size  Location     Type
                  2    9[BANK0 ] int 
 Registers used:
		wreg, status,2, status,0, pclath, cstack
 Tracked objects:
		On entry : 
		On exit  : 
		Unchanged: 
 Data sizes:     COMMON   BANK0   BANK1   BANK3   BANK2
      Params:         0       2       0       0       0
      Locals:         0       4       0       0       0
      Temps:          0       0       0       0       0
      Totals:         0       6       0       0       0
Total ram usage:        6 bytes
 Hardware stack levels used:    1
 Hardware stack levels required when called:    2
 This function calls:
		___awdiv
		___awmod
 This function is called by:
		_main
 This function uses a non-reentrant model


 *************** function ___awmod *****************
 Defined at:
		line 5 in file "C:\Program Files\Microchip\xc8\v2.31\pic\sources\c90\common\awmod.c"
 Parameters:    Size  Location     Type
  divisor         2    0[BANK0 ] int 
  dividend        2    2[BANK0 ] int 
 Auto vars:     Size  Location     Type
  sign            1    6[BANK0 ] unsigned char 
  counter         1    5[BANK0 ] unsigned char 
 Return value:  Size  Location     Type
                  2    0[BANK0 ] int 
 Registers used:
		wreg, status,2, status,0
 Tracked objects:
		On entry : 
		On exit  : 
		Unchanged: 
 Data sizes:     COMMON   BANK0   BANK1   BANK3   BANK2
      Params:         0       4       0       0       0
      Locals:         0       2       0       0       0
      Temps:          0       1       0       0       0
      Totals:         0       7       0       0       0
Total ram usage:        7 bytes
 Hardware stack levels used:    1
 Hardware stack levels required when called:    1
 This function calls:
		Nothing
 This function is called by:
		_BTD_DECIMAL
		_BTD_UNIDAD
 This function uses a non-reentrant model


 *************** function _BTD_CENTENA *****************
 Defined at:
		line 13 in file "BTD_CONVERTER.c"
 Parameters:    Size  Location     Type
  valor           2    9[BANK0 ] int 
 Auto vars:     Size  Location     Type
  salida          2   11[BANK0 ] int 
 Return value:  Size  Location     Type
                  2    9[BANK0 ] int 
 Registers used:
		wreg, status,2, status,0, pclath, cstack
 Tracked objects:
		On entry : 
		On exit  : 
		Unchanged: 
 Data sizes:     COMMON   BANK0   BANK1   BANK3   BANK2
      Params:         0       2       0       0       0
      Locals:         0       2       0       0       0
      Temps:          0       0       0       0       0
      Totals:         0       4       0       0       0
Total ram usage:        4 bytes
 Hardware stack levels used:    1
 Hardware stack levels required when called:    2
 This function calls:
		___awdiv
 This function is called by:
		_main
 This function uses a non-reentrant model


 *************** function ___awdiv *****************
 Defined at:
		line 5 in file "C:\Program Files\Microchip\xc8\v2.31\pic\sources\c90\common\awdiv.c"
 Parameters:    Size  Location     Type
  divisor         2    0[BANK0 ] int 
  dividend        2    2[BANK0 ] int 
 Auto vars:     Size  Location     Type
  quotient        2    7[BANK0 ] int 
  sign            1    6[BANK0 ] unsigned char 
  counter         1    5[BANK0 ] unsigned char 
 Return value:  Size  Location     Type
                  2    0[BANK0 ] int 
 Registers used:
		wreg, status,2, status,0
 Tracked objects:
		On entry : 
		On exit  : 
		Unchanged: 
 Data sizes:     COMMON   BANK0   BANK1   BANK3   BANK2
      Params:         0       4       0       0       0
      Locals:         0       4       0       0       0
      Temps:          0       1       0       0       0
      Totals:         0       9       0       0       0
Total ram usage:        9 bytes
 Hardware stack levels used:    1
 Hardware stack levels required when called:    1
 This function calls:
		Nothing
 This function is called by:
		_BTD_CENTENA
		_BTD_DECIMAL
 This function uses a non-reentrant model


 *************** function _isr *****************
 Defined at:
		line 67 in file "MAINSLV1.c"
 Parameters:    Size  Location     Type
		None
 Auto vars:     Size  Location     Type
		None
 Return value:  Size  Location     Type
                  1    wreg      void 
 Registers used:
		wreg, fsr0l, fsr0h, status,2, status,0
 Tracked objects:
		On entry : 
		On exit  : 
		Unchanged: 
 Data sizes:     COMMON   BANK0   BANK1   BANK3   BANK2
      Params:         0       0       0       0       0
      Locals:         0       0       0       0       0
      Temps:          5       0       0       0       0
      Totals:         5       0       0       0       0
Total ram usage:        5 bytes
 Hardware stack levels used:    1
 This function calls:
		Nothing
 This function is called by:
		Interrupt level 1
 This function uses a non-reentrant model



MODULE INFORMATION

Module		Function		Class		Link	Load	Size
C:\Program Files\Microchip\xc8\v2.31\pic\sources\c90\common\awmod.c
		___awmod       		CODE           	040A	0000	91

C:\Program Files\Microchip\xc8\v2.31\pic\sources\c90\common\awmod.c estimated size: 91

PRINT_SERIAL.c
		_print         		CODE           	050D	0000	33
		_int_string    		CODE           	03AF	0000	91
		_enviar_letra  		CODE           	0581	0000	10

PRINT_SERIAL.c estimated size: 134

I2C.c
		_I2C_Slave_Init		CODE           	052E	0000	28

I2C.c estimated size: 28

BTD_CONVERTER.c
		_BTD_DECIMAL   		CODE           	04E0	0000	45
		_BTD_UNIDAD    		CODE           	04B3	0000	45
		_BTD_CENTENA   		CODE           	054A	0000	26

BTD_CONVERTER.c estimated size: 116

C:\Program Files\Microchip\xc8\v2.31\pic\sources\c90\common\awdiv.c
		___awdiv       		CODE           	0346	0000	105

C:\Program Files\Microchip\xc8\v2.31\pic\sources\c90\common\awdiv.c estimated size: 105

shared
		__stringtab    		STRING         	058B	0000	6
		__initialization		CODE           	0011	0000	31

shared estimated size: 37

MAINSLV1.c
		_main          		CODE           	0034	0000	528
		_isr           		CODE           	0244	0000	258
		_setup         		CODE           	0465	0000	78

MAINSLV1.c estimated size: 864

