Microchip MPLAB XC8 Compiler V2.31

Linker command line:

-W-3 --edf=C:\Program Files\Microchip\xc8\v2.31\pic\dat\en_msgs.txt -cn \
  -h+dist/default/production\Proyecto1mstr.X.production.sym \
  --cmf=dist/default/production\Proyecto1mstr.X.production.cmf -z -Q16F887 \
  -oC:\Users\franc\AppData\Local\Temp\smrk.4 --defsym=__MPLAB_BUILD=1 \
  -Mdist/default/production/Proyecto1mstr.X.production.map -E1 \
  -ver=XC8 Compiler --acfsm=1493 -ASTACK=0110h-016Fh -pstack=STACK \
  -ACODE=00h-07FFhx4 -ASTRCODE=00h-01FFFh -ASTRING=00h-0FFhx32 \
  -ACONST=00h-0FFhx32 -AENTRY=00h-0FFhx32 -ACOMMON=070h-07Fh \
  -ABANK0=020h-06Fh -ABANK1=0A0h-0EFh -ABANK2=0110h-016Fh \
  -ABANK3=0190h-01EFh -ARAM=020h-06Fh,0A0h-0EFh,0110h-016Fh,0190h-01EFh \
  -AABS1=020h-07Fh,0A0h-0EFh,0110h-016Fh,0190h-01EFh -ASFR0=00h-01Fh \
  -ASFR1=080h-09Fh -ASFR2=0100h-010Fh -ASFR3=0180h-018Fh \
  -ACONFIG=02007h-02008h -DCONFIG=2 -AIDLOC=02000h-02003h -DIDLOC=2 \
  -AEEDATA=00h-0FFh/02100h -peeprom_data=EEDATA -DEEDATA=2 -DCODE=2 \
  -DSTRCODE=2 -DSTRING=2 -DCONST=2 -DENTRY=2 \
  -preset_vec=00h,intentry=04h,init,end_init -ppowerup=CODE -pcinit=CODE \
  -pfunctab=ENTRY -k C:\Users\franc\AppData\Local\Temp\smrk.o \
  dist/default/production\Proyecto1mstr.X.production.o 

Object code version is 3.11

Machine type is 16F887



                Name                               Link     Load   Length Selector   Space Scale
C:\Users\franc\AppData\Local\Temp\smrk.o
                end_init                              C        C        3        8       0
                reset_vec                             0        0        3        0       0
                config                             2007     2007        2        0       4
dist/default/production\Proyecto1mstr.X.production.o
                cinit                                 F        F       20        8       0
                intentry                              4        4        8        8       0
                maintext_split_1                    A0A      A0A      295     1414       0
                config                             2007     2007        2        0       4
                text29                              9A7      9A7       63     134E       0
                text28                              6ED      6ED       69        8       0
                text27                             13FF     13FF       1A     27FE       0
                text26                              8F1      8F1       5B     11E2       0
                text25                             14E6     14E6       2D     29CC       0
                text24                             1513     1513       2D     2A26       0
                text23                             13F2     13F2        D     27E4       0
                text22                             1540     1540       38     2A80       0
                text21                             13CC     13CC        9     2798       0
                text20                             13D5     13D5        9     27AA       0
                text19                             13DE     13DE        A     27BC       0
                text18                              7BE      7BE       3E        8       0
                text17                             1419     1419       1A     2832       0
                text16                              805      805        D     100A       0
                text15                              89B      89B       56     1136       0
                text14                             146E     146E       26     28DC       0
                text13                             1433     1433       1A     2866       0
                text12                             1494     1494       29     2928       0
                text11                             1578     1578      288     2AF0       0
                text10                             14BD     14BD       29     297A       0
                text9                               C9F      C9F      361     193E       0
                text8                               671      671       7C        8       0
                text7                               5B5      5B5       BC        8       0
                text6                              13E8     13E8        A     27D0       0
                text5                               94C      94C       5B     1298       0
                text4                              144D     144D       21     289A       0
                text3                               756      756       68        8       0
                text2                               812      812       3A     1024       0
                text1                               84C      84C       4F     1098       0
                maintext                             2F       2F      586        8       0
                cstackBANK0                          20       20       43       20       1
                cstackCOMMON                         70       70        8       70       1
                cstackBANK1                          AD       AD        5       A0       1
                clrtext                            13C4     13C4        8     2788       0
                dataBANK1                            B2       B2        1       A0       1
                bssBANK1                             A0       A0        D       A0       1
                bssBANK0                             63       63        C       20       1
                bssCOMMON                            78       78        3       70       1
                strings                            1000     1000       29     2000       0
                idataBANK1                          7FC      7FC        1        8       0

TOTAL           Name                               Link     Load   Length     Space
        CLASS   STACK          

        CLASS   CODE           
                end_init                              C        C        3         0
                cinit                                 F        F       20         0
                intentry                              4        4        8         0
                reset_vec                             0        0        3         0
                maintext_split_1                    A0A      A0A      295         0
                text29                              9A7      9A7       63         0
                text28                              6ED      6ED       69         0
                text27                             13FF     13FF       1A         0
                text26                              8F1      8F1       5B         0
                text25                             14E6     14E6       2D         0
                text24                             1513     1513       2D         0
                text23                             13F2     13F2        D         0
                text22                             1540     1540       38         0
                text21                             13CC     13CC        9         0
                text20                             13D5     13D5        9         0
                text19                             13DE     13DE        A         0
                text18                              7BE      7BE       3E         0
                text17                             1419     1419       1A         0
                text16                              805      805        D         0
                text15                              89B      89B       56         0
                text14                             146E     146E       26         0
                text13                             1433     1433       1A         0
                text12                             1494     1494       29         0
                text11                             1578     1578      288         0
                text10                             14BD     14BD       29         0
                text9                               C9F      C9F      361         0
                text8                               671      671       7C         0
                text7                               5B5      5B5       BC         0
                text6                              13E8     13E8        A         0
                text5                               94C      94C       5B         0
                text4                              144D     144D       21         0
                text3                               756      756       68         0
                text2                               812      812       3A         0
                text1                               84C      84C       4F         0
                maintext                             2F       2F      586         0
                clrtext                            13C4     13C4        8         0
                idataBANK1                          7FC      7FC        1         0

        CLASS   STRCODE        

        CLASS   STRING         
                strings                            1000     1000       29         0

        CLASS   CONST          

        CLASS   ENTRY          

        CLASS   COMMON         
                cstackCOMMON                         70       70        8         1
                bssCOMMON                            78       78        3         1

        CLASS   BANK0          
                cstackBANK0                          20       20       43         1
                bssBANK0                             63       63        C         1

        CLASS   BANK1          
                cstackBANK1                          AD       AD        5         1
                dataBANK1                            B2       B2        1         1
                bssBANK1                             A0       A0        D         1

        CLASS   BANK2          

        CLASS   BANK3          

        CLASS   RAM            

        CLASS   ABS1           
                abs_s1                               7E       7E        2         1

        CLASS   SFR0           

        CLASS   SFR1           

        CLASS   SFR2           

        CLASS   SFR3           

        CLASS   CONFIG         
                config                             2007     2007        2         4

        CLASS   IDLOC          

        CLASS   EEDATA         



SEGMENTS        Name                           Load    Length   Top    Selector   Space  Class     Delta

                reset_vec                      000000  000003  000003         0       0  CODE        2
                intentry                       000004  0007F9  0007FD         8       0  CODE        2
                cstackBANK0                    000020  00004F  00006F        20       1  BANK0       1
                cstackCOMMON                   000070  00000B  00007B        70       1  COMMON      1
                bssBANK1                       0000A0  000013  0000B3        A0       1  BANK1       1
                text16                         000805  00000D  000812      100A       0  CODE        2
                text2                          000812  00003A  00084C      1024       0  CODE        2
                text1                          00084C  00004F  00089B      1098       0  CODE        2
                text15                         00089B  000056  0008F1      1136       0  CODE        2
                text26                         0008F1  00005B  00094C      11E2       0  CODE        2
                text5                          00094C  00005B  0009A7      1298       0  CODE        2
                text29                         0009A7  000063  000A0A      134E       0  CODE        2
                maintext_split_1               000A0A  000295  000C9F      1414       0  CODE        2
                text9                          000C9F  000361  001000      193E       0  CODE        2
                strings                        001000  000029  001029      2000       0  STRING      2
                clrtext                        0013C4  000008  0013CC      2788       0  CODE        2
                text21                         0013CC  000009  0013D5      2798       0  CODE        2
                text20                         0013D5  000009  0013DE      27AA       0  CODE        2
                text19                         0013DE  00000A  0013E8      27BC       0  CODE        2
                text6                          0013E8  00000A  0013F2      27D0       0  CODE        2
                text23                         0013F2  00000D  0013FF      27E4       0  CODE        2
                text27                         0013FF  00001A  001419      27FE       0  CODE        2
                text17                         001419  00001A  001433      2832       0  CODE        2
                text13                         001433  00001A  00144D      2866       0  CODE        2
                text4                          00144D  000021  00146E      289A       0  CODE        2
                text14                         00146E  000026  001494      28DC       0  CODE        2
                text12                         001494  000029  0014BD      2928       0  CODE        2
                text10                         0014BD  000029  0014E6      297A       0  CODE        2
                text25                         0014E6  00002D  001513      29CC       0  CODE        2
                text24                         001513  00002D  001540      2A26       0  CODE        2
                text22                         001540  000038  001578      2A80       0  CODE        2
                text11                         001578  000288  001800      2AF0       0  CODE        2


UNUSED ADDRESS RANGES

        Name                Unused          Largest block    Delta
        BANK0            0006F-0006F               1           1
        BANK1            000B3-000EF              3D           1
        BANK2            00110-0016F              60           1
        BANK3            00190-001EF              60           1
        CODE             00003-00003               1           2
                         007FD-00804               3
                         01029-013C3             39B
                         01800-01FFF             800
        COMMON           0007B-0007D               3           1
        CONST            00003-00003               1           2
                         007FD-00804               3
                         01029-013C3             100
                         01800-01FFF             100
        EEDATA           02100-021FF             100           2
        ENTRY            00003-00003               1           2
                         007FD-00804               3
                         01029-013C3             100
                         01800-01FFF             100
        IDLOC            02000-02003               4           2
        RAM              0006F-0006F               1           1
                         000B3-000EF              3D
                         00110-0016F              60
                         00190-001EF              60
        SFR0             00000-0001F              20           1
        SFR1             00080-0009F              20           1
        SFR2             00100-0010F              10           1
        SFR3             00180-0018F              10           1
        STACK            00110-0016F              60           1
        STRCODE          00003-00003               1           2
                         007FD-00804               8
                         01029-013C3             39B
                         01800-01FFF             800
        STRING           00003-00003               1           2
                         007FD-00804               3
                         01029-013C3             100
                         01800-01FFF             100

                                  Symbol Table

?_BTD_CENTENA              cstackBANK0      00024
?_BTD_DECIMAL              cstackBANK0      00024
?_BTD_UNIDAD               cstackBANK0      00022
?_I2C_Master_Read          cstackCOMMON     00073
?__Umul8_16                cstackCOMMON     00073
?___awdiv                  cstackCOMMON     00073
?___awmod                  cstackCOMMON     00073
?___fladd                  cstackBANK0      00044
?___flmul                  cstackBANK0      0002A
?___fltol                  cstackBANK0      00058
?___lldiv                  cstackBANK0      00020
?___xxtofl                 cstackCOMMON     00073
?_int_string               cstackBANK0      0002A
BTD_CENTENA@salida         cstackBANK0      00026
BTD_CENTENA@valor          cstackBANK0      00024
BTD_DECIMAL@salida1        cstackBANK0      00028
BTD_DECIMAL@temporal1      cstackBANK0      00026
BTD_DECIMAL@valor1         cstackBANK0      00024
BTD_UNIDAD@salida2         cstackBANK0      00026
BTD_UNIDAD@temporal2       cstackBANK0      00024
BTD_UNIDAD@valor2          cstackBANK0      00022
I2C_Master_Init@c          cstackBANK0      0002D
I2C_Master_Read@a          cstackCOMMON     00073
I2C_Master_Read@temp       cstackBANK0      00020
I2C_Master_Write@d         cstackCOMMON     00073
Lcd_Cmd@a                  cstackCOMMON     00076
Lcd_Port@a                 cstackCOMMON     00073
Lcd_Set_Cursor@a           cstackBANK0      00021
Lcd_Set_Cursor@b           cstackCOMMON     00077
Lcd_Set_Cursor@temp        cstackBANK0      00022
Lcd_Write_Char@a           cstackCOMMON     00075
Lcd_Write_Char@y           cstackCOMMON     00076
Lcd_Write_String@a         cstackBANK0      00022
Lcd_Write_String@i         cstackBANK0      00020
_ANSEL                     (abs)            00188
_ANSELH                    (abs)            00189
_BRG16                     (abs)            00C3B
_BRGH                      (abs)            004C2
_BTD_CENTENA               text27           013FF
_BTD_DECIMAL               text25           014E6
_BTD_UNIDAD                text24           01513
_Entrada                   bssBANK1         000AC
_GIE                       (abs)            0005F
_I2C_Master_Init           text2            00812
_I2C_Master_Read           text22           01540
_I2C_Master_Start          text21           013CC
_I2C_Master_Stop           text20           013D5
_I2C_Master_Wait           text23           013F2
_I2C_Master_Write          text19           013DE
_INTCONbits                (abs)            0000B
_Lcd_Clear                 text16           00805
_Lcd_Cmd                   text17           01419
_Lcd_Init                  text15           0089B
_Lcd_Port                  text18           007BE
_Lcd_Set_Cursor            text14           0146E
_Lcd_Write_Char            text13           01433
_Lcd_Write_String          text12           01494
_OSCCONbits                (abs)            0008F
_PEIE                      (abs)            0005E
_PIE1bits                  (abs)            0008C
_PIR1bits                  (abs)            0000C
_PORTB                     (abs)            00006
_PORTD                     (abs)            00008
_RB1                       (abs)            00031
_RCIF                      (abs)            00065
_RCREG                     (abs)            0001A
_RCSTAbits                 (abs)            00018
_RD0                       (abs)            00040
_RD1                       (abs)            00041
_RD2                       (abs)            00042
_RD3                       (abs)            00043
_RD4                       (abs)            00044
_RD5                       (abs)            00045
_RD6                       (abs)            00046
_RD7                       (abs)            00047
_RE0                       (abs)            00048
_RE1                       (abs)            00049
_SPBRG                     (abs)            00099
_SPBRGH                    (abs)            0009A
_SSPADD                    (abs)            00093
_SSPBUF                    (abs)            00013
_SSPCON                    (abs)            00014
_SSPCON2                   (abs)            00091
_SSPCON2bits               (abs)            00091
_SSPIE                     (abs)            00463
_SSPIF                     (abs)            00063
_SSPSTAT                   (abs)            00094
_T1CONbits                 (abs)            00010
_TMR1H                     (abs)            0000F
_TMR1L                     (abs)            0000E
_TRISB                     (abs)            00086
_TRISC3                    (abs)            0043B
_TRISC4                    (abs)            0043C
_TRISCbits                 (abs)            00087
_TRISD                     (abs)            00088
_TRISE0                    (abs)            00448
_TRISE1                    (abs)            00449
_TRISE2                    (abs)            0044A
_TXIF                      (abs)            00064
_TXREG                     (abs)            00019
_TXSTAbits                 (abs)            00098
__Habs1                    abs1             00000
__Hbank0                   bank0            00000
__Hbank1                   bank1            00000
__Hbank2                   bank2            00000
__Hbank3                   bank3            00000
__HbssBANK0                bssBANK0         00000
__HbssBANK1                bssBANK1         00000
__HbssCOMMON               bssCOMMON        00000
__Hcinit                   cinit            0002F
__Hclrtext                 clrtext          00000
__Hcode                    code             00000
__Hcommon                  common           00000
__Hconfig                  config           02009
__HcstackBANK0             cstackBANK0      00000
__HcstackBANK1             cstackBANK1      00000
__HcstackCOMMON            cstackCOMMON     00000
__HdataBANK1               dataBANK1        00000
__Heeprom_data             eeprom_data      00000
__Hend_init                end_init         0000F
__Hfunctab                 functab          00000
__HidataBANK1              idataBANK1       00000
__Hinit                    init             0000C
__Hintentry                intentry         0000C
__Hmaintext                maintext         00000
__Hmaintext_split_1        maintext_split_1 00000
__Hpowerup                 powerup          00000
__Hram                     ram              00000
__Hreset_vec               reset_vec        00003
__Hsfr0                    sfr0             00000
__Hsfr1                    sfr1             00000
__Hsfr2                    sfr2             00000
__Hsfr3                    sfr3             00000
__Hspace_0                 (abs)            01800
__Hspace_1                 (abs)            000B3
__Hspace_2                 (abs)            00000
__Hspace_3                 (abs)            00000
__Hspace_4                 (abs)            04010
__Hstack                   stack            00000
__Hstrings                 strings          00000
__Htext                    text             00000
__Labs1                    abs1             00000
__Lbank0                   bank0            00000
__Lbank1                   bank1            00000
__Lbank2                   bank2            00000
__Lbank3                   bank3            00000
__LbssBANK0                bssBANK0         00000
__LbssBANK1                bssBANK1         00000
__LbssCOMMON               bssCOMMON        00000
__Lcinit                   cinit            0000F
__Lclrtext                 clrtext          00000
__Lcode                    code             00000
__Lcommon                  common           00000
__Lconfig                  config           00000
__LcstackBANK0             cstackBANK0      00000
__LcstackBANK1             cstackBANK1      00000
__LcstackCOMMON            cstackCOMMON     00000
__LdataBANK1               dataBANK1        00000
__Leeprom_data             eeprom_data      00000
__Lend_init                end_init         0000C
__Lfunctab                 functab          00000
__LidataBANK1              idataBANK1       00000
__Linit                    init             0000C
__Lintentry                intentry         00004
__Lmaintext                maintext         00000
__Lmaintext_split_1        maintext_split_1 00000
__Lpowerup                 powerup          00000
__Lram                     ram              00000
__Lreset_vec               reset_vec        00000
__Lsfr0                    sfr0             00000
__Lsfr1                    sfr1             00000
__Lsfr2                    sfr2             00000
__Lsfr3                    sfr3             00000
__Lspace_0                 (abs)            00000
__Lspace_1                 (abs)            00000
__Lspace_2                 (abs)            00000
__Lspace_3                 (abs)            00000
__Lspace_4                 (abs)            00000
__Lstack                   stack            00000
__Lstrings                 strings          00000
__Ltext                    text             00000
__S0                       (abs)            01800
__S1                       (abs)            000B3
__S2                       (abs)            00000
__S3                       (abs)            00000
__Umul8_16                 text10           014BD
__Umul8_16@multiplicand    cstackCOMMON     00073
__Umul8_16@multiplier      cstackBANK0      00024
__Umul8_16@product         cstackBANK0      00020
__Umul8_16@word_mpld       cstackBANK0      00022
___awdiv                   text28           006ED
___awdiv@counter           cstackBANK0      00020
___awdiv@dividend          cstackCOMMON     00075
___awdiv@divisor           cstackCOMMON     00073
___awdiv@quotient          cstackBANK0      00022
___awdiv@sign              cstackBANK0      00021
___awmod                   text26           008F1
___awmod@counter           cstackBANK0      00020
___awmod@dividend          cstackCOMMON     00075
___awmod@divisor           cstackCOMMON     00073
___awmod@sign              cstackBANK0      00021
___fladd                   text11           01578
___fladd@a                 cstackBANK0      00048
___fladd@aexp              cstackBANK0      00055
___fladd@b                 cstackBANK0      00044
___fladd@bexp              cstackBANK0      00056
___fladd@grs               cstackBANK0      00057
___fladd@signs             cstackBANK0      00054
___flmul                   text9            00C9F
___flmul@a                 cstackBANK0      0002E
___flmul@aexp              cstackBANK0      0003C
___flmul@b                 cstackBANK0      0002A
___flmul@bexp              cstackBANK0      0003D
___flmul@grs               cstackBANK0      00038
___flmul@prod              cstackBANK0      0003E
___flmul@sign              cstackBANK0      00037
___flmul@temp              cstackBANK0      00042
___fltol                   text8            00671
___fltol@exp1              cstackBANK0      00062
___fltol@f1                cstackBANK0      00058
___fltol@sign1             cstackBANK0      00061
___int_sp                  stack            00000
___latbits                 (abs)            00002
___lldiv                   text3            00756
___lldiv@counter           cstackBANK0      0002C
___lldiv@dividend          cstackBANK0      00024
___lldiv@divisor           cstackBANK0      00020
___lldiv@quotient          cstackBANK0      00028
___sp                      stack            00000
___stackhi                 (abs)            00000
___stacklo                 (abs)            00000
___xxtofl                  text7            005B5
___xxtofl@arg              cstackBANK0      00026
___xxtofl@exp              cstackBANK0      00025
___xxtofl@sign             cstackBANK0      00024
___xxtofl@val              cstackCOMMON     00073
__end_of_BTD_CENTENA       text27           01419
__end_of_BTD_DECIMAL       text25           01513
__end_of_BTD_UNIDAD        text24           01540
__end_of_I2C_Master_Init   text2            0084C
__end_of_I2C_Master_Read   text22           01578
__end_of_I2C_Master_Start  text21           013D5
__end_of_I2C_Master_Stop   text20           013DE
__end_of_I2C_Master_Wait   text23           013FF
__end_of_I2C_Master_Write  text19           013E8
__end_of_Lcd_Clear         text16           00812
__end_of_Lcd_Cmd           text17           01433
__end_of_Lcd_Init          text15           008F1
__end_of_Lcd_Port          text18           007FC
__end_of_Lcd_Set_Cursor    text14           01494
__end_of_Lcd_Write_Char    text13           0144D
__end_of_Lcd_Write_String  text12           014BD
__end_of__Umul8_16         text10           014E6
__end_of___awdiv           text28           00756
__end_of___awmod           text26           0094C
__end_of___fladd           text11           01800
__end_of___flmul           text9            01000
__end_of___fltol           text8            006ED
__end_of___lldiv           text3            007BE
__end_of___xxtofl          text7            00671
__end_of__initialization   cinit            0002B
__end_of__stringtab        strings          01006
__end_of_enviar_letra      text6            013F2
__end_of_int_string        text5            009A7
__end_of_isr               text29           00A0A
__end_of_main              maintext_split_1 00C9F
__end_of_print             text4            0146E
__end_of_setup             text1            0089B
__initialization           cinit            0000F
__pbssBANK0                bssBANK0         00063
__pbssBANK1                bssBANK1         000A0
__pbssCOMMON               bssCOMMON        00078
__pcstackBANK0             cstackBANK0      00020
__pcstackBANK1             cstackBANK1      000AD
__pcstackCOMMON            cstackCOMMON     00070
__pdataBANK1               dataBANK1        000B2
__pidataBANK1              idataBANK1       007FC
__pintentry                intentry         00004
__pmaintext                maintext         0002F
__pstrings                 strings          01000
__ptext1                   text1            0084C
__ptext10                  text10           014BD
__ptext11                  text11           01578
__ptext12                  text12           01494
__ptext13                  text13           01433
__ptext14                  text14           0146E
__ptext15                  text15           0089B
__ptext16                  text16           00805
__ptext17                  text17           01419
__ptext18                  text18           007BE
__ptext19                  text19           013DE
__ptext2                   text2            00812
__ptext20                  text20           013D5
__ptext21                  text21           013CC
__ptext22                  text22           01540
__ptext23                  text23           013F2
__ptext24                  text24           01513
__ptext25                  text25           014E6
__ptext26                  text26           008F1
__ptext27                  text27           013FF
__ptext28                  text28           006ED
__ptext29                  text29           009A7
__ptext3                   text3            00756
__ptext4                   text4            0144D
__ptext5                   text5            0094C
__ptext6                   text6            013E8
__ptext7                   text7            005B5
__ptext8                   text8            00671
__ptext9                   text9            00C9F
__size_of_BTD_CENTENA      (abs)            00000
__size_of_BTD_DECIMAL      (abs)            00000
__size_of_BTD_UNIDAD       (abs)            00000
__size_of_I2C_Master_Init  (abs)            00000
__size_of_I2C_Master_Read  (abs)            00000
__size_of_I2C_Master_Start (abs)            00000
__size_of_I2C_Master_Stop  (abs)            00000
__size_of_I2C_Master_Wait  (abs)            00000
__size_of_I2C_Master_Write (abs)            00000
__size_of_Lcd_Clear        (abs)            00000
__size_of_Lcd_Cmd          (abs)            00000
__size_of_Lcd_Init         (abs)            00000
__size_of_Lcd_Port         (abs)            00000
__size_of_Lcd_Set_Cursor   (abs)            00000
__size_of_Lcd_Write_Char   (abs)            00000
__size_of_Lcd_Write_String (abs)            00000
__size_of__Umul8_16        (abs)            00000
__size_of___awdiv          (abs)            00000
__size_of___awmod          (abs)            00000
__size_of___fladd          (abs)            00000
__size_of___flmul          (abs)            00000
__size_of___fltol          (abs)            00000
__size_of___lldiv          (abs)            00000
__size_of___xxtofl         (abs)            00000
__size_of_enviar_letra     (abs)            00000
__size_of_int_string       (abs)            00000
__size_of_isr              (abs)            00000
__size_of_main             (abs)            00000
__size_of_print            (abs)            00000
__size_of_setup            (abs)            00000
__stringbase               strings          01005
__stringtab                strings          01000
_bandera_info              bssBANK1         000A8
_bandera_lcd               bssBANK0         00065
_bandera_lcd1              bssBANK0         00064
_bandera_resistencia       bssCOMMON        00078
_bandera_serial            bssBANK0         00063
_bandera_servo             bssBANK1         000AB
_bandera_ventilador        bssCOMMON        00079
_contador_info             bssBANK1         000A9
_contador_lcd              bssBANK0         00066
_contador_serial           bssCOMMON        0007A
_contador_timer1           bssBANK1         000A7
_enviar_letra              text6            013E8
_int_string                text5            0094C
_isr                       text29           009A7
_luz1                      bssBANK0         0006C
_luz2                      bssBANK0         0006B
_main                      maintext         0002F
_print                     text4            0144D
_setup                     text1            0084C
_temp_luz1                 bssBANK0         00068
_temp_luz2                 bssBANK0         00067
_temp_temp1                bssBANK0         0006A
_temp_temp2                bssBANK0         00069
_temperatura1              bssBANK0         0006E
_temperatura2              bssBANK0         0006D
btemp                      (abs)            0007E
clear_ram0                 clrtext          013C4
end_of_initialization      cinit            0002B
enviar_letra@letra         cstackCOMMON     00073
int_string@valor           cstackBANK0      0002A
interrupt_function         intentry         00004
intlevel0                  functab          00000
intlevel1                  functab          00000
intlevel2                  functab          00000
intlevel3                  functab          00000
intlevel4                  functab          00000
intlevel5                  functab          00000
pnum$maintext              (abs)            0000D
pnum$maintext_split_1      (abs)            0002D
print@palabra              cstackCOMMON     00074
psplit$0                   (abs)            D002D
reset_vec                  reset_vec        00000
saved_w                    (abs)            0007E
start                      init             0000C
start_initialization       cinit            0000F
wtemp0                     (abs)            0007E


FUNCTION INFORMATION:

 *************** function _main *****************
 Defined at:
		line 133 in file "MAINMASTER.c"
 Parameters:    Size  Location     Type
		None
 Auto vars:     Size  Location     Type
		None
 Return value:  Size  Location     Type
                  1    wreg      void 
 Registers used:
		wreg, fsr0l, fsr0h, status,2, status,0, btemp+1, pclath, cstack
 Tracked objects:
		On entry : 
		On exit  : 
		Unchanged: 
 Data sizes:     COMMON   BANK0   BANK1   BANK3   BANK2
      Params:         0       0       0       0       0
      Locals:         0       0       0       0       0
      Temps:          0       0       5       0       0
      Totals:         0       0       5       0       0
Total ram usage:        5 bytes
 Hardware stack levels required when called:    4
 This function calls:
		_BTD_CENTENA
		_BTD_DECIMAL
		_BTD_UNIDAD
		_I2C_Master_Read
		_I2C_Master_Start
		_I2C_Master_Stop
		_I2C_Master_Write
		_Lcd_Clear
		_Lcd_Cmd
		_Lcd_Init
		_Lcd_Set_Cursor
		_Lcd_Write_Char
		_Lcd_Write_String
		___fladd
		___flmul
		___fltol
		___xxtofl
		_enviar_letra
		_int_string
		_print
		_setup
 This function is called by:
		Startup code after reset
 This function uses a non-reentrant model


 *************** function _setup *****************
 Defined at:
		line 405 in file "MAINMASTER.c"
 Parameters:    Size  Location     Type
		None
 Auto vars:     Size  Location     Type
		None
 Return value:  Size  Location     Type
                  1    wreg      void 
 Registers used:
		wreg, status,2, status,0, pclath, cstack
 Tracked objects:
		On entry : 
		On exit  : 
		Unchanged: 
 Data sizes:     COMMON   BANK0   BANK1   BANK3   BANK2
      Params:         0       0       0       0       0
      Locals:         0       0       0       0       0
      Temps:          0       0       0       0       0
      Totals:         0       0       0       0       0
Total ram usage:        0 bytes
 Hardware stack levels used:    1
 Hardware stack levels required when called:    3
 This function calls:
		_I2C_Master_Init
 This function is called by:
		_main
 This function uses a non-reentrant model


 *************** function _I2C_Master_Init *****************
 Defined at:
		line 16 in file "../Proyecto1slv2.X/I2C.c"
 Parameters:    Size  Location     Type
  c               4   13[BANK0 ] const unsigned long 
 Auto vars:     Size  Location     Type
		None
 Return value:  Size  Location     Type
                  1    wreg      void 
 Registers used:
		wreg, status,2, status,0, pclath, cstack
 Tracked objects:
		On entry : 
		On exit  : 
		Unchanged: 
 Data sizes:     COMMON   BANK0   BANK1   BANK3   BANK2
      Params:         0       4       0       0       0
      Locals:         0       0       0       0       0
      Temps:          4       0       0       0       0
      Totals:         4       4       0       0       0
Total ram usage:        8 bytes
 Hardware stack levels used:    1
 Hardware stack levels required when called:    2
 This function calls:
		___lldiv
 This function is called by:
		_setup
 This function uses a non-reentrant model


 *************** function ___lldiv *****************
 Defined at:
		line 5 in file "C:\Program Files\Microchip\xc8\v2.31\pic\sources\c90\common\__lldiv.c"
 Parameters:    Size  Location     Type
  divisor         4    0[BANK0 ] unsigned long 
  dividend        4    4[BANK0 ] unsigned long 
 Auto vars:     Size  Location     Type
  quotient        4    8[BANK0 ] unsigned long 
  counter         1   12[BANK0 ] unsigned char 
 Return value:  Size  Location     Type
                  4    0[BANK0 ] unsigned long 
 Registers used:
		wreg, status,2, status,0
 Tracked objects:
		On entry : 
		On exit  : 
		Unchanged: 
 Data sizes:     COMMON   BANK0   BANK1   BANK3   BANK2
      Params:         0       8       0       0       0
      Locals:         0       5       0       0       0
      Temps:          1       0       0       0       0
      Totals:         1      13       0       0       0
Total ram usage:       14 bytes
 Hardware stack levels used:    1
 Hardware stack levels required when called:    1
 This function calls:
		Nothing
 This function is called by:
		_I2C_Master_Init
 This function uses a non-reentrant model


 *************** function _print *****************
 Defined at:
		line 16 in file "../Proyecto1slv2.X/PRINT_SERIAL.c"
 Parameters:    Size  Location     Type
  palabra         1    wreg     PTR unsigned char 
		 -> STR_9(3), 
 Auto vars:     Size  Location     Type
  palabra         1    4[COMMON] PTR unsigned char 
		 -> STR_9(3), 
 Return value:  Size  Location     Type
                  1    wreg      void 
 Registers used:
		wreg, fsr0l, fsr0h, status,2, status,0, pclath
 Tracked objects:
		On entry : 
		On exit  : 
		Unchanged: 
 Data sizes:     COMMON   BANK0   BANK1   BANK3   BANK2
      Params:         0       0       0       0       0
      Locals:         1       0       0       0       0
      Temps:          1       0       0       0       0
      Totals:         2       0       0       0       0
Total ram usage:        2 bytes
 Hardware stack levels used:    2
 Hardware stack levels required when called:    1
 This function calls:
		Nothing
 This function is called by:
		_main
 This function uses a non-reentrant model


 *************** function _int_string *****************
 Defined at:
		line 39 in file "../Proyecto1slv2.X/PRINT_SERIAL.c"
 Parameters:    Size  Location     Type
  valor           2   10[BANK0 ] int 
 Auto vars:     Size  Location     Type
		None
 Return value:  Size  Location     Type
                  2   10[BANK0 ] int 
 Registers used:
		wreg, fsr0l, fsr0h, status,2, status,0
 Tracked objects:
		On entry : 
		On exit  : 
		Unchanged: 
 Data sizes:     COMMON   BANK0   BANK1   BANK3   BANK2
      Params:         0       2       0       0       0
      Locals:         0       0       0       0       0
      Temps:          0       0       0       0       0
      Totals:         0       2       0       0       0
Total ram usage:        2 bytes
 Hardware stack levels used:    1
 Hardware stack levels required when called:    1
 This function calls:
		Nothing
 This function is called by:
		_main
 This function uses a non-reentrant model


 *************** function _enviar_letra *****************
 Defined at:
		line 34 in file "../Proyecto1slv2.X/PRINT_SERIAL.c"
 Parameters:    Size  Location     Type
  letra           1    wreg     unsigned char 
 Auto vars:     Size  Location     Type
  letra           1    3[COMMON] unsigned char 
 Return value:  Size  Location     Type
                  1    wreg      void 
 Registers used:
		wreg
 Tracked objects:
		On entry : 
		On exit  : 
		Unchanged: 
 Data sizes:     COMMON   BANK0   BANK1   BANK3   BANK2
      Params:         0       0       0       0       0
      Locals:         1       0       0       0       0
      Temps:          0       0       0       0       0
      Totals:         1       0       0       0       0
Total ram usage:        1 bytes
 Hardware stack levels used:    1
 Hardware stack levels required when called:    1
 This function calls:
		Nothing
 This function is called by:
		_main
		_println
 This function uses a non-reentrant model


 *************** function ___xxtofl *****************
 Defined at:
		line 10 in file "C:\Program Files\Microchip\xc8\v2.31\pic\sources\c90\common\xxtofl.c"
 Parameters:    Size  Location     Type
  sign            1    wreg     unsigned char 
  val             4    3[COMMON] long 
 Auto vars:     Size  Location     Type
  sign            1    4[BANK0 ] unsigned char 
  arg             4    6[BANK0 ] unsigned long 
  exp             1    5[BANK0 ] unsigned char 
 Return value:  Size  Location     Type
                  4    3[COMMON] unsigned char 
 Registers used:
		wreg, status,2, status,0
 Tracked objects:
		On entry : 
		On exit  : 
		Unchanged: 
 Data sizes:     COMMON   BANK0   BANK1   BANK3   BANK2
      Params:         4       0       0       0       0
      Locals:         0       6       0       0       0
      Temps:          0       4       0       0       0
      Totals:         4      10       0       0       0
Total ram usage:       14 bytes
 Hardware stack levels used:    1
 Hardware stack levels required when called:    1
 This function calls:
		Nothing
 This function is called by:
		_main
 This function uses a non-reentrant model


 *************** function ___fltol *****************
 Defined at:
		line 43 in file "C:\Program Files\Microchip\xc8\v2.31\pic\sources\c90\common\fltol.c"
 Parameters:    Size  Location     Type
  f1              4   56[BANK0 ] unsigned char 
 Auto vars:     Size  Location     Type
  exp1            1   66[BANK0 ] unsigned char 
  sign1           1   65[BANK0 ] unsigned char 
 Return value:  Size  Location     Type
                  4   56[BANK0 ] long 
 Registers used:
		wreg, status,2, status,0
 Tracked objects:
		On entry : 
		On exit  : 
		Unchanged: 
 Data sizes:     COMMON   BANK0   BANK1   BANK3   BANK2
      Params:         0       4       0       0       0
      Locals:         0       2       0       0       0
      Temps:          0       5       0       0       0
      Totals:         0      11       0       0       0
Total ram usage:       11 bytes
 Hardware stack levels used:    1
 Hardware stack levels required when called:    1
 This function calls:
		Nothing
 This function is called by:
		_main
 This function uses a non-reentrant model


 *************** function ___flmul *****************
 Defined at:
		line 8 in file "C:\Program Files\Microchip\xc8\v2.31\pic\sources\c90\common\sprcmul.c"
 Parameters:    Size  Location     Type
  b               4   10[BANK0 ] long 
  a               4   14[BANK0 ] long 
 Auto vars:     Size  Location     Type
  prod            4   30[BANK0 ] struct .
  grs             4   24[BANK0 ] unsigned long 
  temp            2   34[BANK0 ] struct .
  bexp            1   29[BANK0 ] unsigned char 
  aexp            1   28[BANK0 ] unsigned char 
  sign            1   23[BANK0 ] unsigned char 
 Return value:  Size  Location     Type
                  4   10[BANK0 ] unsigned char 
 Registers used:
		wreg, status,2, status,0, btemp+1, pclath, cstack
 Tracked objects:
		On entry : 
		On exit  : 
		Unchanged: 
 Data sizes:     COMMON   BANK0   BANK1   BANK3   BANK2
      Params:         0       8       0       0       0
      Locals:         0      13       0       0       0
      Temps:          0       5       0       0       0
      Totals:         0      26       0       0       0
Total ram usage:       26 bytes
 Hardware stack levels used:    1
 Hardware stack levels required when called:    2
 This function calls:
		__Umul8_16
 This function is called by:
		_main
 This function uses a non-reentrant model


 *************** function __Umul8_16 *****************
 Defined at:
		line 4 in file "C:\Program Files\Microchip\xc8\v2.31\pic\sources\c90\common\Umul8_16.c"
 Parameters:    Size  Location     Type
  multiplier      1    wreg     unsigned char 
  multiplicand    1    3[COMMON] unsigned char 
 Auto vars:     Size  Location     Type
  multiplier      1    4[BANK0 ] unsigned char 
  word_mpld       2    2[BANK0 ] unsigned int 
  product         2    0[BANK0 ] unsigned int 
 Return value:  Size  Location     Type
                  2    3[COMMON] unsigned int 
 Registers used:
		wreg, status,2, status,0
 Tracked objects:
		On entry : 
		On exit  : 
		Unchanged: 
 Data sizes:     COMMON   BANK0   BANK1   BANK3   BANK2
      Params:         2       0       0       0       0
      Locals:         0       5       0       0       0
      Temps:          2       0       0       0       0
      Totals:         4       5       0       0       0
Total ram usage:        9 bytes
 Hardware stack levels used:    1
 Hardware stack levels required when called:    1
 This function calls:
		Nothing
 This function is called by:
		___flmul
 This function uses a non-reentrant model


 *************** function ___fladd *****************
 Defined at:
		line 10 in file "C:\Program Files\Microchip\xc8\v2.31\pic\sources\c90\common\sprcadd.c"
 Parameters:    Size  Location     Type
  b               4   36[BANK0 ] unsigned int 
  a               4   40[BANK0 ] unsigned int 
 Auto vars:     Size  Location     Type
  grs             1   55[BANK0 ] unsigned char 
  bexp            1   54[BANK0 ] unsigned char 
  aexp            1   53[BANK0 ] unsigned char 
  signs           1   52[BANK0 ] unsigned char 
 Return value:  Size  Location     Type
                  4   36[BANK0 ] unsigned char 
 Registers used:
		wreg, status,2, status,0, btemp+1
 Tracked objects:
		On entry : 
		On exit  : 
		Unchanged: 
 Data sizes:     COMMON   BANK0   BANK1   BANK3   BANK2
      Params:         0       8       0       0       0
      Locals:         0       4       0       0       0
      Temps:          0       8       0       0       0
      Totals:         0      20       0       0       0
Total ram usage:       20 bytes
 Hardware stack levels used:    1
 Hardware stack levels required when called:    1
 This function calls:
		Nothing
 This function is called by:
		_main
 This function uses a non-reentrant model


 *************** function _Lcd_Write_String *****************
 Defined at:
		line 110 in file "LCD.c"
 Parameters:    Size  Location     Type
  a               1    wreg     PTR unsigned char 
		 -> STR_8(2), STR_7(3), STR_6(3), STR_5(2), 
		 -> STR_4(14), STR_3(3), STR_2(2), STR_1(10), 
 Auto vars:     Size  Location     Type
  a               1    2[BANK0 ] PTR unsigned char 
		 -> STR_8(2), STR_7(3), STR_6(3), STR_5(2), 
		 -> STR_4(14), STR_3(3), STR_2(2), STR_1(10), 
  i               2    0[BANK0 ] int 
 Return value:  Size  Location     Type
                  1    wreg      void 
 Registers used:
		wreg, fsr0l, fsr0h, status,2, status,0, pclath, cstack
 Tracked objects:
		On entry : 
		On exit  : 
		Unchanged: 
 Data sizes:     COMMON   BANK0   BANK1   BANK3   BANK2
      Params:         0       0       0       0       0
      Locals:         0       3       0       0       0
      Temps:          0       0       0       0       0
      Totals:         0       3       0       0       0
Total ram usage:        3 bytes
 Hardware stack levels used:    1
 Hardware stack levels required when called:    3
 This function calls:
		_Lcd_Write_Char
 This function is called by:
		_main
 This function uses a non-reentrant model


 *************** function _Lcd_Write_Char *****************
 Defined at:
		line 99 in file "LCD.c"
 Parameters:    Size  Location     Type
  a               1    wreg     unsigned char 
 Auto vars:     Size  Location     Type
  a               1    5[COMMON] unsigned char 
  y               1    6[COMMON] unsigned char 
 Return value:  Size  Location     Type
                  1    wreg      void 
 Registers used:
		wreg, status,2, status,0, pclath, cstack
 Tracked objects:
		On entry : 
		On exit  : 
		Unchanged: 
 Data sizes:     COMMON   BANK0   BANK1   BANK3   BANK2
      Params:         0       0       0       0       0
      Locals:         2       0       0       0       0
      Temps:          1       0       0       0       0
      Totals:         3       0       0       0       0
Total ram usage:        3 bytes
 Hardware stack levels used:    1
 Hardware stack levels required when called:    2
 This function calls:
		_Lcd_Port
 This function is called by:
		_main
		_Lcd_Write_String
 This function uses a non-reentrant model


 *************** function _Lcd_Set_Cursor *****************
 Defined at:
		line 70 in file "LCD.c"
 Parameters:    Size  Location     Type
  a               1    wreg     unsigned char 
  b               1    7[COMMON] unsigned char 
 Auto vars:     Size  Location     Type
  a               1    1[BANK0 ] unsigned char 
  temp            1    2[BANK0 ] unsigned char 
  y               1    0        unsigned char 
  z               1    0        unsigned char 
 Return value:  Size  Location     Type
                  1    wreg      void 
 Registers used:
		wreg, status,2, status,0, pclath, cstack
 Tracked objects:
		On entry : 
		On exit  : 
		Unchanged: 
 Data sizes:     COMMON   BANK0   BANK1   BANK3   BANK2
      Params:         1       0       0       0       0
      Locals:         0       2       0       0       0
      Temps:          0       1       0       0       0
      Totals:         1       3       0       0       0
Total ram usage:        4 bytes
 Hardware stack levels used:    1
 Hardware stack levels required when called:    3
 This function calls:
		_Lcd_Cmd
 This function is called by:
		_main
 This function uses a non-reentrant model


 *************** function _Lcd_Init *****************
 Defined at:
		line 83 in file "LCD.c"
 Parameters:    Size  Location     Type
		None
 Auto vars:     Size  Location     Type
		None
 Return value:  Size  Location     Type
                  1    wreg      void 
 Registers used:
		wreg, status,2, status,0, pclath, cstack
 Tracked objects:
		On entry : 
		On exit  : 
		Unchanged: 
 Data sizes:     COMMON   BANK0   BANK1   BANK3   BANK2
      Params:         0       0       0       0       0
      Locals:         0       0       0       0       0
      Temps:          0       2       0       0       0
      Totals:         0       2       0       0       0
Total ram usage:        2 bytes
 Hardware stack levels used:    1
 Hardware stack levels required when called:    3
 This function calls:
		_Lcd_Cmd
		_Lcd_Port
 This function is called by:
		_main
 This function uses a non-reentrant model


 *************** function _Lcd_Clear *****************
 Defined at:
		line 65 in file "LCD.c"
 Parameters:    Size  Location     Type
		None
 Auto vars:     Size  Location     Type
		None
 Return value:  Size  Location     Type
                  1    wreg      void 
 Registers used:
		wreg, status,2, status,0, pclath, cstack
 Tracked objects:
		On entry : 
		On exit  : 
		Unchanged: 
 Data sizes:     COMMON   BANK0   BANK1   BANK3   BANK2
      Params:         0       0       0       0       0
      Locals:         0       0       0       0       0
      Temps:          0       0       0       0       0
      Totals:         0       0       0       0       0
Total ram usage:        0 bytes
 Hardware stack levels used:    1
 Hardware stack levels required when called:    3
 This function calls:
		_Lcd_Cmd
 This function is called by:
		_main
 This function uses a non-reentrant model


 *************** function _Lcd_Cmd *****************
 Defined at:
		line 57 in file "LCD.c"
 Parameters:    Size  Location     Type
  a               1    wreg     unsigned char 
 Auto vars:     Size  Location     Type
  a               1    6[COMMON] unsigned char 
 Return value:  Size  Location     Type
                  1    wreg      void 
 Registers used:
		wreg, status,2, status,0, pclath, cstack
 Tracked objects:
		On entry : 
		On exit  : 
		Unchanged: 
 Data sizes:     COMMON   BANK0   BANK1   BANK3   BANK2
      Params:         0       0       0       0       0
      Locals:         1       0       0       0       0
      Temps:          2       0       0       0       0
      Totals:         3       0       0       0       0
Total ram usage:        3 bytes
 Hardware stack levels used:    1
 Hardware stack levels required when called:    2
 This function calls:
		_Lcd_Port
 This function is called by:
		_main
		_Lcd_Clear
		_Lcd_Set_Cursor
		_Lcd_Init
		_Lcd_Shift_Right
		_Lcd_Shift_Left
 This function uses a non-reentrant model


 *************** function _Lcd_Port *****************
 Defined at:
		line 13 in file "LCD.c"
 Parameters:    Size  Location     Type
  a               1    wreg     unsigned char 
 Auto vars:     Size  Location     Type
  a               1    3[COMMON] unsigned char 
 Return value:  Size  Location     Type
                  1    wreg      void 
 Registers used:
		wreg
 Tracked objects:
		On entry : 
		On exit  : 
		Unchanged: 
 Data sizes:     COMMON   BANK0   BANK1   BANK3   BANK2
      Params:         0       0       0       0       0
      Locals:         1       0       0       0       0
      Temps:          0       0       0       0       0
      Totals:         1       0       0       0       0
Total ram usage:        1 bytes
 Hardware stack levels used:    1
 Hardware stack levels required when called:    1
 This function calls:
		Nothing
 This function is called by:
		_Lcd_Cmd
		_Lcd_Init
		_Lcd_Write_Char
 This function uses a non-reentrant model


 *************** function _I2C_Master_Write *****************
 Defined at:
		line 65 in file "../Proyecto1slv2.X/I2C.c"
 Parameters:    Size  Location     Type
  d               2    3[COMMON] unsigned int 
 Auto vars:     Size  Location     Type
		None
 Return value:  Size  Location     Type
                  1    wreg      void 
 Registers used:
		wreg, status,2, status,0, pclath, cstack
 Tracked objects:
		On entry : 
		On exit  : 
		Unchanged: 
 Data sizes:     COMMON   BANK0   BANK1   BANK3   BANK2
      Params:         2       0       0       0       0
      Locals:         0       0       0       0       0
      Temps:          0       0       0       0       0
      Totals:         2       0       0       0       0
Total ram usage:        2 bytes
 Hardware stack levels used:    1
 Hardware stack levels required when called:    2
 This function calls:
		_I2C_Master_Wait
 This function is called by:
		_main
 This function uses a non-reentrant model


 *************** function _I2C_Master_Stop *****************
 Defined at:
		line 55 in file "../Proyecto1slv2.X/I2C.c"
 Parameters:    Size  Location     Type
		None
 Auto vars:     Size  Location     Type
		None
 Return value:  Size  Location     Type
                  1    wreg      void 
 Registers used:
		wreg, status,2, status,0, pclath, cstack
 Tracked objects:
		On entry : 
		On exit  : 
		Unchanged: 
 Data sizes:     COMMON   BANK0   BANK1   BANK3   BANK2
      Params:         0       0       0       0       0
      Locals:         0       0       0       0       0
      Temps:          0       0       0       0       0
      Totals:         0       0       0       0       0
Total ram usage:        0 bytes
 Hardware stack levels used:    1
 Hardware stack levels required when called:    2
 This function calls:
		_I2C_Master_Wait
 This function is called by:
		_main
 This function uses a non-reentrant model


 *************** function _I2C_Master_Start *****************
 Defined at:
		line 39 in file "../Proyecto1slv2.X/I2C.c"
 Parameters:    Size  Location     Type
		None
 Auto vars:     Size  Location     Type
		None
 Return value:  Size  Location     Type
                  1    wreg      void 
 Registers used:
		wreg, status,2, status,0, pclath, cstack
 Tracked objects:
		On entry : 
		On exit  : 
		Unchanged: 
 Data sizes:     COMMON   BANK0   BANK1   BANK3   BANK2
      Params:         0       0       0       0       0
      Locals:         0       0       0       0       0
      Temps:          0       0       0       0       0
      Totals:         0       0       0       0       0
Total ram usage:        0 bytes
 Hardware stack levels used:    1
 Hardware stack levels required when called:    2
 This function calls:
		_I2C_Master_Wait
 This function is called by:
		_main
 This function uses a non-reentrant model


 *************** function _I2C_Master_Read *****************
 Defined at:
		line 74 in file "../Proyecto1slv2.X/I2C.c"
 Parameters:    Size  Location     Type
  a               2    3[COMMON] unsigned short 
 Auto vars:     Size  Location     Type
  temp            2    0[BANK0 ] unsigned short 
 Return value:  Size  Location     Type
                  2    3[COMMON] unsigned short 
 Registers used:
		wreg, status,2, status,0, pclath, cstack
 Tracked objects:
		On entry : 
		On exit  : 
		Unchanged: 
 Data sizes:     COMMON   BANK0   BANK1   BANK3   BANK2
      Params:         2       0       0       0       0
      Locals:         0       2       0       0       0
      Temps:          2       0       0       0       0
      Totals:         4       2       0       0       0
Total ram usage:        6 bytes
 Hardware stack levels used:    1
 Hardware stack levels required when called:    2
 This function calls:
		_I2C_Master_Wait
 This function is called by:
		_main
 This function uses a non-reentrant model


 *************** function _I2C_Master_Wait *****************
 Defined at:
		line 32 in file "../Proyecto1slv2.X/I2C.c"
 Parameters:    Size  Location     Type
		None
 Auto vars:     Size  Location     Type
		None
 Return value:  Size  Location     Type
                  1    wreg      void 
 Registers used:
		wreg, status,2
 Tracked objects:
		On entry : 
		On exit  : 
		Unchanged: 
 Data sizes:     COMMON   BANK0   BANK1   BANK3   BANK2
      Params:         0       0       0       0       0
      Locals:         0       0       0       0       0
      Temps:          0       0       0       0       0
      Totals:         0       0       0       0       0
Total ram usage:        0 bytes
 Hardware stack levels used:    1
 Hardware stack levels required when called:    1
 This function calls:
		Nothing
 This function is called by:
		_I2C_Master_Start
		_I2C_Master_Stop
		_I2C_Master_Write
		_I2C_Master_Read
		_I2C_Master_RepeatedStart
 This function uses a non-reentrant model


 *************** function _BTD_UNIDAD *****************
 Defined at:
		line 25 in file "BTD_CONVERTER.c"
 Parameters:    Size  Location     Type
  valor2          2    2[BANK0 ] int 
 Auto vars:     Size  Location     Type
  salida2         2    6[BANK0 ] int 
  temporal2       2    4[BANK0 ] int 
 Return value:  Size  Location     Type
                  2    2[BANK0 ] int 
 Registers used:
		wreg, status,2, status,0, pclath, cstack
 Tracked objects:
		On entry : 
		On exit  : 
		Unchanged: 
 Data sizes:     COMMON   BANK0   BANK1   BANK3   BANK2
      Params:         0       2       0       0       0
      Locals:         0       4       0       0       0
      Temps:          0       0       0       0       0
      Totals:         0       6       0       0       0
Total ram usage:        6 bytes
 Hardware stack levels used:    1
 Hardware stack levels required when called:    2
 This function calls:
		___awmod
 This function is called by:
		_main
 This function uses a non-reentrant model


 *************** function _BTD_DECIMAL *****************
 Defined at:
		line 18 in file "BTD_CONVERTER.c"
 Parameters:    Size  Location     Type
  valor1          2    4[BANK0 ] int 
 Auto vars:     Size  Location     Type
  salida1         2    8[BANK0 ] int 
  temporal1       2    6[BANK0 ] int 
 Return value:  Size  Location     Type
                  2    4[BANK0 ] int 
 Registers used:
		wreg, status,2, status,0, pclath, cstack
 Tracked objects:
		On entry : 
		On exit  : 
		Unchanged: 
 Data sizes:     COMMON   BANK0   BANK1   BANK3   BANK2
      Params:         0       2       0       0       0
      Locals:         0       4       0       0       0
      Temps:          0       0       0       0       0
      Totals:         0       6       0       0       0
Total ram usage:        6 bytes
 Hardware stack levels used:    1
 Hardware stack levels required when called:    2
 This function calls:
		___awdiv
		___awmod
 This function is called by:
		_main
 This function uses a non-reentrant model


 *************** function ___awmod *****************
 Defined at:
		line 5 in file "C:\Program Files\Microchip\xc8\v2.31\pic\sources\c90\common\awmod.c"
 Parameters:    Size  Location     Type
  divisor         2    3[COMMON] int 
  dividend        2    5[COMMON] int 
 Auto vars:     Size  Location     Type
  sign            1    1[BANK0 ] unsigned char 
  counter         1    0[BANK0 ] unsigned char 
 Return value:  Size  Location     Type
                  2    3[COMMON] int 
 Registers used:
		wreg, status,2, status,0
 Tracked objects:
		On entry : 
		On exit  : 
		Unchanged: 
 Data sizes:     COMMON   BANK0   BANK1   BANK3   BANK2
      Params:         4       0       0       0       0
      Locals:         0       2       0       0       0
      Temps:          1       0       0       0       0
      Totals:         5       2       0       0       0
Total ram usage:        7 bytes
 Hardware stack levels used:    1
 Hardware stack levels required when called:    1
 This function calls:
		Nothing
 This function is called by:
		_BTD_DECIMAL
		_BTD_UNIDAD
 This function uses a non-reentrant model


 *************** function _BTD_CENTENA *****************
 Defined at:
		line 13 in file "BTD_CONVERTER.c"
 Parameters:    Size  Location     Type
  valor           2    4[BANK0 ] int 
 Auto vars:     Size  Location     Type
  salida          2    6[BANK0 ] int 
 Return value:  Size  Location     Type
                  2    4[BANK0 ] int 
 Registers used:
		wreg, status,2, status,0, pclath, cstack
 Tracked objects:
		On entry : 
		On exit  : 
		Unchanged: 
 Data sizes:     COMMON   BANK0   BANK1   BANK3   BANK2
      Params:         0       2       0       0       0
      Locals:         0       2       0       0       0
      Temps:          0       0       0       0       0
      Totals:         0       4       0       0       0
Total ram usage:        4 bytes
 Hardware stack levels used:    1
 Hardware stack levels required when called:    2
 This function calls:
		___awdiv
 This function is called by:
		_main
 This function uses a non-reentrant model


 *************** function ___awdiv *****************
 Defined at:
		line 5 in file "C:\Program Files\Microchip\xc8\v2.31\pic\sources\c90\common\awdiv.c"
 Parameters:    Size  Location     Type
  divisor         2    3[COMMON] int 
  dividend        2    5[COMMON] int 
 Auto vars:     Size  Location     Type
  quotient        2    2[BANK0 ] int 
  sign            1    1[BANK0 ] unsigned char 
  counter         1    0[BANK0 ] unsigned char 
 Return value:  Size  Location     Type
                  2    3[COMMON] int 
 Registers used:
		wreg, status,2, status,0
 Tracked objects:
		On entry : 
		On exit  : 
		Unchanged: 
 Data sizes:     COMMON   BANK0   BANK1   BANK3   BANK2
      Params:         4       0       0       0       0
      Locals:         0       4       0       0       0
      Temps:          1       0       0       0       0
      Totals:         5       4       0       0       0
Total ram usage:        9 bytes
 Hardware stack levels used:    1
 Hardware stack levels required when called:    1
 This function calls:
		Nothing
 This function is called by:
		_BTD_CENTENA
		_BTD_DECIMAL
 This function uses a non-reentrant model


 *************** function _isr *****************
 Defined at:
		line 85 in file "MAINMASTER.c"
 Parameters:    Size  Location     Type
		None
 Auto vars:     Size  Location     Type
		None
 Return value:  Size  Location     Type
                  1    wreg      void 
 Registers used:
		wreg, status,2, status,0
 Tracked objects:
		On entry : 
		On exit  : 
		Unchanged: 
 Data sizes:     COMMON   BANK0   BANK1   BANK3   BANK2
      Params:         0       0       0       0       0
      Locals:         0       0       0       0       0
      Temps:          3       0       0       0       0
      Totals:         3       0       0       0       0
Total ram usage:        3 bytes
 Hardware stack levels used:    1
 This function calls:
		Nothing
 This function is called by:
		Interrupt level 1
 This function uses a non-reentrant model



MODULE INFORMATION

Module		Function		Class		Link	Load	Size
C:\Program Files\Microchip\xc8\v2.31\pic\sources\c90\common\sprcmul.c
		___flmul       		CODE           	0C9F	0000	865

C:\Program Files\Microchip\xc8\v2.31\pic\sources\c90\common\sprcmul.c estimated size: 865

C:\Program Files\Microchip\xc8\v2.31\pic\sources\c90\common\__lldiv.c
		___lldiv       		CODE           	0756	0000	104

C:\Program Files\Microchip\xc8\v2.31\pic\sources\c90\common\__lldiv.c estimated size: 104

C:\Program Files\Microchip\xc8\v2.31\pic\sources\c90\common\Umul8_16.c
		__Umul8_16     		CODE           	14BD	0000	41

C:\Program Files\Microchip\xc8\v2.31\pic\sources\c90\common\Umul8_16.c estimated size: 41

C:\Program Files\Microchip\xc8\v2.31\pic\sources\c90\common\awmod.c
		___awmod       		CODE           	08F1	0000	91

C:\Program Files\Microchip\xc8\v2.31\pic\sources\c90\common\awmod.c estimated size: 91

../Proyecto1slv2.X/I2C.c
		_I2C_Master_Read		CODE           	1540	0000	56
		_I2C_Master_Wait		CODE           	13F2	0000	13
		_I2C_Master_Init		CODE           	0812	0000	58
		_I2C_Master_Stop		CODE           	13D5	0000	9
		_I2C_Master_Write		CODE           	13DE	0000	10
		_I2C_Master_Start		CODE           	13CC	0000	9

../Proyecto1slv2.X/I2C.c estimated size: 155

../Proyecto1slv2.X/PRINT_SERIAL.c
		_print         		CODE           	144D	0000	33
		_int_string    		CODE           	094C	0000	91
		_enviar_letra  		CODE           	13E8	0000	10

../Proyecto1slv2.X/PRINT_SERIAL.c estimated size: 134

C:\Program Files\Microchip\xc8\v2.31\pic\sources\c90\common\sprcadd.c
		___fladd       		CODE           	1578	0000	648

C:\Program Files\Microchip\xc8\v2.31\pic\sources\c90\common\sprcadd.c estimated size: 648

BTD_CONVERTER.c
		_BTD_DECIMAL   		CODE           	14E6	0000	45
		_BTD_UNIDAD    		CODE           	1513	0000	45
		_BTD_CENTENA   		CODE           	13FF	0000	26

BTD_CONVERTER.c estimated size: 116

C:\Program Files\Microchip\xc8\v2.31\pic\sources\c90\common\awdiv.c
		___awdiv       		CODE           	06ED	0000	105

C:\Program Files\Microchip\xc8\v2.31\pic\sources\c90\common\awdiv.c estimated size: 105

shared
		__stringtab    		STRING         	1000	0000	6
		__initialization		CODE           	000F	0000	28

shared estimated size: 34

C:\Program Files\Microchip\xc8\v2.31\pic\sources\c90\common\fltol.c
		___fltol       		CODE           	0671	0000	124

C:\Program Files\Microchip\xc8\v2.31\pic\sources\c90\common\fltol.c estimated size: 124

MAINMASTER.c
		_main          		CODE           	002F	0000	2075
		_isr           		CODE           	09A7	0000	99
		_setup         		CODE           	084C	0000	79

MAINMASTER.c estimated size: 2253

C:\Program Files\Microchip\xc8\v2.31\pic\sources\c90\common\xxtofl.c
		___xxtofl      		CODE           	05B5	0000	188

C:\Program Files\Microchip\xc8\v2.31\pic\sources\c90\common\xxtofl.c estimated size: 188

LCD.c
		_Lcd_Write_String		CODE           	1494	0000	41
		_Lcd_Init      		CODE           	089B	0000	86
		_Lcd_Write_Char		CODE           	1433	0000	26
		_Lcd_Cmd       		CODE           	1419	0000	26
		_Lcd_Set_Cursor		CODE           	146E	0000	38
		_Lcd_Clear     		CODE           	0805	0000	13
		_Lcd_Port      		CODE           	07BE	0000	62

LCD.c estimated size: 292

