Microchip MPLAB XC8 Compiler V2.31

Linker command line:

-W-3 --edf=C:\Program Files\Microchip\xc8\v2.31\pic\dat\en_msgs.txt -cn \
  -h+dist/default/production\Laboratorio5.1.X.production.sym \
  --cmf=dist/default/production\Laboratorio5.1.X.production.cmf -z -Q16F887 \
  -oC:\Users\franc\AppData\Local\Temp\sgrg.2 --defsym=__MPLAB_BUILD=1 \
  -Mdist/default/production/Laboratorio5.1.X.production.map -E1 \
  -ver=XC8 Compiler --acfsm=1493 -ASTACK=0110h-016Fh -pstack=STACK \
  -ACODE=00h-07FFhx4 -ASTRCODE=00h-01FFFh -ASTRING=00h-0FFhx32 \
  -ACONST=00h-0FFhx32 -AENTRY=00h-0FFhx32 -ACOMMON=070h-07Fh \
  -ABANK0=020h-06Fh -ABANK1=0A0h-0EFh -ABANK2=0110h-016Fh \
  -ABANK3=0190h-01EFh -ARAM=020h-06Fh,0A0h-0EFh,0110h-016Fh,0190h-01EFh \
  -AABS1=020h-07Fh,0A0h-0EFh,0110h-016Fh,0190h-01EFh -ASFR0=00h-01Fh \
  -ASFR1=080h-09Fh -ASFR2=0100h-010Fh -ASFR3=0180h-018Fh \
  -ACONFIG=02007h-02008h -DCONFIG=2 -AIDLOC=02000h-02003h -DIDLOC=2 \
  -AEEDATA=00h-0FFh/02100h -peeprom_data=EEDATA -DEEDATA=2 -DCODE=2 \
  -DSTRCODE=2 -DSTRING=2 -DCONST=2 -DENTRY=2 \
  -preset_vec=00h,intentry=04h,init,end_init -ppowerup=CODE -pcinit=CODE \
  -pfunctab=ENTRY -k C:\Users\franc\AppData\Local\Temp\sgrg.o \
  dist/default/production\Laboratorio5.1.X.production.o 

Object code version is 3.11

Machine type is 16F887



                Name                               Link     Load   Length Selector   Space Scale
C:\Users\franc\AppData\Local\Temp\sgrg.o
                end_init                              E        E        3        8       0
                reset_vec                             0        0        3        0       0
                config                             2007     2007        2        0       4
dist/default/production\Laboratorio5.1.X.production.o
                cinit                                11       11       12        8       0
                intentry                              4        4        A        8       0
                config                             2007     2007        2        0       4
                text11                              100      100       7E        8       0
                text10                              17E      17E       69        8       0
                text9                               397      397       1A        8       0
                text8                               242      242       5B        8       0
                text7                               36A      36A       2D        8       0
                text6                               33D      33D       2D        8       0
                text5                               3B1      3B1       17        8       0
                text4                               3C8      3C8        A        8       0
                text3                               1E7      1E7       5B        8       0
                text2                               2F6      2F6       47        8       0
                text1                               29D      29D       59        8       0
                maintext                             23       23       DD        8       0
                cstackBANK0                          20       20       15       20       1
                cstackCOMMON                         75       75        5       70       1
                bssBANK0                             35       35        7       20       1
                bssCOMMON                            70       70        5       70       1
                nvBANK0                              3C       3C        1       20       1

TOTAL           Name                               Link     Load   Length     Space
        CLASS   STACK          

        CLASS   CODE           
                end_init                              E        E        3         0
                cinit                                11       11       12         0
                intentry                              4        4        A         0
                reset_vec                             0        0        3         0
                text11                              100      100       7E         0
                text10                              17E      17E       69         0
                text9                               397      397       1A         0
                text8                               242      242       5B         0
                text7                               36A      36A       2D         0
                text6                               33D      33D       2D         0
                text5                               3B1      3B1       17         0
                text4                               3C8      3C8        A         0
                text3                               1E7      1E7       5B         0
                text2                               2F6      2F6       47         0
                text1                               29D      29D       59         0
                maintext                             23       23       DD         0

        CLASS   STRCODE        

        CLASS   STRING         

        CLASS   CONST          

        CLASS   ENTRY          

        CLASS   COMMON         
                cstackCOMMON                         75       75        5         1
                bssCOMMON                            70       70        5         1

        CLASS   BANK0          
                cstackBANK0                          20       20       15         1
                bssBANK0                             35       35        7         1
                nvBANK0                              3C       3C        1         1

        CLASS   BANK1          

        CLASS   BANK2          

        CLASS   BANK3          

        CLASS   RAM            

        CLASS   ABS1           
                abs_s1                               7E       7E        2         1

        CLASS   SFR0           

        CLASS   SFR1           

        CLASS   SFR2           

        CLASS   SFR3           

        CLASS   CONFIG         
                config                             2007     2007        2         4

        CLASS   IDLOC          

        CLASS   EEDATA         



SEGMENTS        Name                           Load    Length   Top    Selector   Space  Class     Delta

                reset_vec                      000000  000003  000003         0       0  CODE        2
                intentry                       000004  0003CE  0003D2         8       0  CODE        2
                cstackBANK0                    000020  00001D  00003D        20       1  BANK0       1
                bssCOMMON                      000070  00000A  00007A        70       1  COMMON      1


UNUSED ADDRESS RANGES

        Name                Unused          Largest block    Delta
        BANK0            003D-006F             33           1
        BANK1            00A0-00EF             50           1
        BANK2            0110-016F             60           1
        BANK3            0190-01EF             60           1
        CODE             0003-0003              1           2
                         03D2-1FFF            800
        COMMON           007A-007D              4           1
        CONST            0003-0003              1           2
                         03D2-1FFF            100
        EEDATA           2100-21FF            100           2
        ENTRY            0003-0003              1           2
                         03D2-1FFF            100
        IDLOC            2000-2003              4           2
        RAM              003D-006F             33           1
                         00A0-00EF             50
                         0110-016F             60
                         0190-01EF             60
        SFR0             0000-001F             20           1
        SFR1             0080-009F             20           1
        SFR2             0100-010F             10           1
        SFR3             0180-018F             10           1
        STACK            0110-016F             60           1
        STRCODE          0003-0003              1           2
                         03D2-1FFF           1C2E
        STRING           0003-0003              1           2
                         03D2-1FFF            100

                                  Symbol Table

?_BTD_CENTENA            cstackBANK0  0029
?_BTD_DECIMAL            cstackBANK0  0029
?_BTD_UNIDAD             cstackBANK0  0027
?___awdiv                cstackBANK0  0020
?___awmod                cstackBANK0  0020
?_int_string             cstackBANK0  002F
?_string_int             cstackBANK0  0020
BTD_CENTENA@salida       cstackBANK0  002B
BTD_CENTENA@valor        cstackBANK0  0029
BTD_DECIMAL@salida1      cstackBANK0  002D
BTD_DECIMAL@temporal1    cstackBANK0  002B
BTD_DECIMAL@valor1       cstackBANK0  0029
BTD_UNIDAD@salida2       cstackBANK0  002B
BTD_UNIDAD@temporal2     cstackBANK0  0029
BTD_UNIDAD@valor2        cstackBANK0  0027
_ANSEL                   (abs)        0188
_ANSELH                  (abs)        0189
_BANDERASTART            bssBANK0     0039
_BANDERASTART1           bssBANK0     003A
_BRG16                   (abs)        0C3B
_BRGH                    (abs)        04C2
_BTD_CENTENA             text9        0397
_BTD_DECIMAL             text7        036A
_BTD_UNIDAD              text6        033D
_Entrada                 bssCOMMON    0073
_INTCONbits              (abs)        000B
_IOCB                    (abs)        0096
_OPTION_REGbits          (abs)        0081
_OSCCONbits              (abs)        008F
_PIE1bits                (abs)        008C
_PIR1bits                (abs)        000C
_PORTA                   (abs)        0005
_PORTB                   (abs)        0006
_PORTBbits               (abs)        0006
_PORTD                   (abs)        0008
_RB7                     (abs)        0037
_RBIF                    (abs)        0058
_RCIF                    (abs)        0065
_RCREG                   (abs)        001A
_RCSTAbits               (abs)        0018
_SPBRG                   (abs)        0099
_SPBRGH                  (abs)        009A
_T1CONbits               (abs)        0010
_TMR1H                   (abs)        000F
_TMR1L                   (abs)        000E
_TRISA                   (abs)        0085
_TRISB                   (abs)        0086
_TRISD                   (abs)        0088
_TXIF                    (abs)        0064
_TXREG                   (abs)        0019
_TXSTAbits               (abs)        0098
_WPUB                    (abs)        0095
__Habs1                  abs1         0000
__Hbank0                 bank0        0000
__Hbank1                 bank1        0000
__Hbank2                 bank2        0000
__Hbank3                 bank3        0000
__HbssBANK0              bssBANK0     0000
__HbssCOMMON             bssCOMMON    0000
__Hcinit                 cinit        0023
__Hclrtext               clrtext      0000
__Hcode                  code         0000
__Hcommon                common       0000
__Hconfig                config       2009
__HcstackBANK0           cstackBANK0  0000
__HcstackCOMMON          cstackCOMMON 0000
__Heeprom_data           eeprom_data  0000
__Hend_init              end_init     0011
__Hfunctab               functab      0000
__Hinit                  init         000E
__Hintentry              intentry     000E
__Hmaintext              maintext     0000
__HnvBANK0               nvBANK0      0000
__Hpowerup               powerup      0000
__Hram                   ram          0000
__Hreset_vec             reset_vec    0003
__Hsfr0                  sfr0         0000
__Hsfr1                  sfr1         0000
__Hsfr2                  sfr2         0000
__Hsfr3                  sfr3         0000
__Hspace_0               (abs)        03D2
__Hspace_1               (abs)        007A
__Hspace_2               (abs)        0000
__Hspace_3               (abs)        0000
__Hspace_4               (abs)        4010
__Hstack                 stack        0000
__Hstrings               strings      0000
__Htext                  text         0000
__Labs1                  abs1         0000
__Lbank0                 bank0        0000
__Lbank1                 bank1        0000
__Lbank2                 bank2        0000
__Lbank3                 bank3        0000
__LbssBANK0              bssBANK0     0000
__LbssCOMMON             bssCOMMON    0000
__Lcinit                 cinit        0011
__Lclrtext               clrtext      0000
__Lcode                  code         0000
__Lcommon                common       0000
__Lconfig                config       0000
__LcstackBANK0           cstackBANK0  0000
__LcstackCOMMON          cstackCOMMON 0000
__Leeprom_data           eeprom_data  0000
__Lend_init              end_init     000E
__Lfunctab               functab      0000
__Linit                  init         000E
__Lintentry              intentry     0004
__Lmaintext              maintext     0000
__LnvBANK0               nvBANK0      0000
__Lpowerup               powerup      0000
__Lram                   ram          0000
__Lreset_vec             reset_vec    0000
__Lsfr0                  sfr0         0000
__Lsfr1                  sfr1         0000
__Lsfr2                  sfr2         0000
__Lsfr3                  sfr3         0000
__Lspace_0               (abs)        0000
__Lspace_1               (abs)        0000
__Lspace_2               (abs)        0000
__Lspace_3               (abs)        0000
__Lspace_4               (abs)        0000
__Lstack                 stack        0000
__Lstrings               strings      0000
__Ltext                  text         0000
__S0                     (abs)        03D2
__S1                     (abs)        007A
__S2                     (abs)        0000
__S3                     (abs)        0000
___awdiv                 text10       017E
___awdiv@counter         cstackBANK0  0025
___awdiv@dividend        cstackBANK0  0022
___awdiv@divisor         cstackBANK0  0020
___awdiv@quotient        cstackBANK0  0027
___awdiv@sign            cstackBANK0  0026
___awmod                 text8        0242
___awmod@counter         cstackBANK0  0025
___awmod@dividend        cstackBANK0  0022
___awmod@divisor         cstackBANK0  0020
___awmod@sign            cstackBANK0  0026
___bmul                  text5        03B1
___bmul@multiplicand     cstackBANK0  0022
___bmul@multiplier       cstackBANK0  0025
___bmul@product          cstackBANK0  0024
___int_sp                stack        0000
___latbits               (abs)        0002
___sp                    stack        0000
___stackhi               (abs)        0000
___stacklo               (abs)        0000
__end_of_BTD_CENTENA     text9        03B1
__end_of_BTD_DECIMAL     text7        0397
__end_of_BTD_UNIDAD      text6        036A
__end_of___awdiv         text10       01E7
__end_of___awmod         text8        029D
__end_of___bmul          text5        03C8
__end_of__initialization cinit        001F
__end_of_enviar_letra    text4        03D2
__end_of_int_string      text3        0242
__end_of_isr             text11       017E
__end_of_main            maintext     0100
__end_of_setup           text2        033D
__end_of_string_int      text1        02F6
__initialization         cinit        0011
__pbssBANK0              bssBANK0     0035
__pbssCOMMON             bssCOMMON    0070
__pcstackBANK0           cstackBANK0  0020
__pcstackCOMMON          cstackCOMMON 0075
__pintentry              intentry     0004
__pmaintext              maintext     0023
__pnvBANK0               nvBANK0      003C
__ptext1                 text1        029D
__ptext10                text10       017E
__ptext11                text11       0100
__ptext2                 text2        02F6
__ptext3                 text3        01E7
__ptext4                 text4        03C8
__ptext5                 text5        03B1
__ptext6                 text6        033D
__ptext7                 text7        036A
__ptext8                 text8        0242
__ptext9                 text9        0397
__size_of_BTD_CENTENA    (abs)        0000
__size_of_BTD_DECIMAL    (abs)        0000
__size_of_BTD_UNIDAD     (abs)        0000
__size_of___awdiv        (abs)        0000
__size_of___awmod        (abs)        0000
__size_of___bmul         (abs)        0000
__size_of_enviar_letra   (abs)        0000
__size_of_int_string     (abs)        0000
__size_of_isr            (abs)        0000
__size_of_main           (abs)        0000
__size_of_setup          (abs)        0000
__size_of_string_int     (abs)        0000
_bandera1                bssBANK0     0035
_bandera_recibido        nvBANK0      003C
_contador                bssCOMMON    0071
_contador1               bssCOMMON    0074
_enviar_letra            text4        03C8
_int_string              text3        01E7
_isr                     text11       0100
_main                    maintext     0023
_mandar_datos            bssCOMMON    0072
_recibido1               bssBANK0     0038
_recibido2               bssBANK0     0037
_recibido3               bssBANK0     0036
_setup                   text2        02F6
_string_int              text1        029D
_temporal                bssCOMMON    0070
btemp                    (abs)        007E
end_of_initialization    cinit        001F
enviar_letra@letra       cstackBANK0  0020
int_string@valor         cstackBANK0  002F
interrupt_function       intentry     0004
intlevel0                functab      0000
intlevel1                functab      0000
intlevel2                functab      0000
intlevel3                functab      0000
intlevel4                functab      0000
intlevel5                functab      0000
reset_vec                reset_vec    0000
saved_w                  (abs)        007E
start                    init         000E
start_initialization     cinit        0011
string_int@valor         cstackBANK0  0020
wtemp0                   (abs)        007E


FUNCTION INFORMATION:

 *************** function _main *****************
 Defined at:
		line 98 in file "main.c"
 Parameters:    Size  Location     Type
		None
 Auto vars:     Size  Location     Type
		None
 Return value:  Size  Location     Type
                  1    wreg      void 
 Registers used:
		wreg, fsr0l, fsr0h, status,2, status,0, pclath, cstack
 Tracked objects:
		On entry : 
		On exit  : 
		Unchanged: 
 Data sizes:     COMMON   BANK0   BANK1   BANK3   BANK2
      Params:         0       0       0       0       0
      Locals:         0       0       0       0       0
      Temps:          0       4       0       0       0
      Totals:         0       4       0       0       0
Total ram usage:        4 bytes
 Hardware stack levels required when called:    3
 This function calls:
		_BTD_CENTENA
		_BTD_DECIMAL
		_BTD_UNIDAD
		___bmul
		_enviar_letra
		_int_string
		_setup
		_string_int
 This function is called by:
		Startup code after reset
 This function uses a non-reentrant model


 *************** function _string_int *****************
 Defined at:
		line 55 in file "PRINT_SERIAL.c"
 Parameters:    Size  Location     Type
  valor           2    0[BANK0 ] int 
 Auto vars:     Size  Location     Type
		None
 Return value:  Size  Location     Type
                  2    0[BANK0 ] int 
 Registers used:
		wreg, fsr0l, fsr0h, status,2, status,0
 Tracked objects:
		On entry : 
		On exit  : 
		Unchanged: 
 Data sizes:     COMMON   BANK0   BANK1   BANK3   BANK2
      Params:         0       2       0       0       0
      Locals:         0       0       0       0       0
      Temps:          0       0       0       0       0
      Totals:         0       2       0       0       0
Total ram usage:        2 bytes
 Hardware stack levels used:    1
 Hardware stack levels required when called:    1
 This function calls:
		Nothing
 This function is called by:
		_main
 This function uses a non-reentrant model


 *************** function _setup *****************
 Defined at:
		line 134 in file "main.c"
 Parameters:    Size  Location     Type
		None
 Auto vars:     Size  Location     Type
		None
 Return value:  Size  Location     Type
                  1    wreg      void 
 Registers used:
		wreg, status,2
 Tracked objects:
		On entry : 
		On exit  : 
		Unchanged: 
 Data sizes:     COMMON   BANK0   BANK1   BANK3   BANK2
      Params:         0       0       0       0       0
      Locals:         0       0       0       0       0
      Temps:          0       0       0       0       0
      Totals:         0       0       0       0       0
Total ram usage:        0 bytes
 Hardware stack levels used:    1
 Hardware stack levels required when called:    1
 This function calls:
		Nothing
 This function is called by:
		_main
 This function uses a non-reentrant model


 *************** function _int_string *****************
 Defined at:
		line 39 in file "PRINT_SERIAL.c"
 Parameters:    Size  Location     Type
  valor           2   15[BANK0 ] int 
 Auto vars:     Size  Location     Type
		None
 Return value:  Size  Location     Type
                  2   15[BANK0 ] int 
 Registers used:
		wreg, fsr0l, fsr0h, status,2, status,0
 Tracked objects:
		On entry : 
		On exit  : 
		Unchanged: 
 Data sizes:     COMMON   BANK0   BANK1   BANK3   BANK2
      Params:         0       2       0       0       0
      Locals:         0       0       0       0       0
      Temps:          0       0       0       0       0
      Totals:         0       2       0       0       0
Total ram usage:        2 bytes
 Hardware stack levels used:    1
 Hardware stack levels required when called:    1
 This function calls:
		Nothing
 This function is called by:
		_main
 This function uses a non-reentrant model


 *************** function _enviar_letra *****************
 Defined at:
		line 34 in file "PRINT_SERIAL.c"
 Parameters:    Size  Location     Type
  letra           1    wreg     unsigned char 
 Auto vars:     Size  Location     Type
  letra           1    0[BANK0 ] unsigned char 
 Return value:  Size  Location     Type
                  1    wreg      void 
 Registers used:
		wreg
 Tracked objects:
		On entry : 
		On exit  : 
		Unchanged: 
 Data sizes:     COMMON   BANK0   BANK1   BANK3   BANK2
      Params:         0       0       0       0       0
      Locals:         0       1       0       0       0
      Temps:          0       0       0       0       0
      Totals:         0       1       0       0       0
Total ram usage:        1 bytes
 Hardware stack levels used:    1
 Hardware stack levels required when called:    1
 This function calls:
		Nothing
 This function is called by:
		_main
		_println
 This function uses a non-reentrant model


 *************** function ___bmul *****************
 Defined at:
		line 4 in file "C:\Program Files\Microchip\xc8\v2.31\pic\sources\c90\common\Umul8.c"
 Parameters:    Size  Location     Type
  multiplier      1    wreg     unsigned char 
  multiplicand    1    2[BANK0 ] unsigned char 
 Auto vars:     Size  Location     Type
  multiplier      1    5[BANK0 ] unsigned char 
  product         1    4[BANK0 ] unsigned char 
 Return value:  Size  Location     Type
                  1    wreg      unsigned char 
 Registers used:
		wreg, status,2, status,0
 Tracked objects:
		On entry : 
		On exit  : 
		Unchanged: 
 Data sizes:     COMMON   BANK0   BANK1   BANK3   BANK2
      Params:         0       1       0       0       0
      Locals:         0       2       0       0       0
      Temps:          0       1       0       0       0
      Totals:         0       4       0       0       0
Total ram usage:        4 bytes
 Hardware stack levels used:    1
 Hardware stack levels required when called:    1
 This function calls:
		Nothing
 This function is called by:
		_main
 This function uses a non-reentrant model


 *************** function _BTD_UNIDAD *****************
 Defined at:
		line 25 in file "BTD_CONVERTER.c"
 Parameters:    Size  Location     Type
  valor2          2    7[BANK0 ] int 
 Auto vars:     Size  Location     Type
  salida2         2   11[BANK0 ] int 
  temporal2       2    9[BANK0 ] int 
 Return value:  Size  Location     Type
                  2    7[BANK0 ] int 
 Registers used:
		wreg, status,2, status,0, pclath, cstack
 Tracked objects:
		On entry : 
		On exit  : 
		Unchanged: 
 Data sizes:     COMMON   BANK0   BANK1   BANK3   BANK2
      Params:         0       2       0       0       0
      Locals:         0       4       0       0       0
      Temps:          0       0       0       0       0
      Totals:         0       6       0       0       0
Total ram usage:        6 bytes
 Hardware stack levels used:    1
 Hardware stack levels required when called:    2
 This function calls:
		___awmod
 This function is called by:
		_main
 This function uses a non-reentrant model


 *************** function _BTD_DECIMAL *****************
 Defined at:
		line 18 in file "BTD_CONVERTER.c"
 Parameters:    Size  Location     Type
  valor1          2    9[BANK0 ] int 
 Auto vars:     Size  Location     Type
  salida1         2   13[BANK0 ] int 
  temporal1       2   11[BANK0 ] int 
 Return value:  Size  Location     Type
                  2    9[BANK0 ] int 
 Registers used:
		wreg, status,2, status,0, pclath, cstack
 Tracked objects:
		On entry : 
		On exit  : 
		Unchanged: 
 Data sizes:     COMMON   BANK0   BANK1   BANK3   BANK2
      Params:         0       2       0       0       0
      Locals:         0       4       0       0       0
      Temps:          0       0       0       0       0
      Totals:         0       6       0       0       0
Total ram usage:        6 bytes
 Hardware stack levels used:    1
 Hardware stack levels required when called:    2
 This function calls:
		___awdiv
		___awmod
 This function is called by:
		_main
 This function uses a non-reentrant model


 *************** function ___awmod *****************
 Defined at:
		line 5 in file "C:\Program Files\Microchip\xc8\v2.31\pic\sources\c90\common\awmod.c"
 Parameters:    Size  Location     Type
  divisor         2    0[BANK0 ] int 
  dividend        2    2[BANK0 ] int 
 Auto vars:     Size  Location     Type
  sign            1    6[BANK0 ] unsigned char 
  counter         1    5[BANK0 ] unsigned char 
 Return value:  Size  Location     Type
                  2    0[BANK0 ] int 
 Registers used:
		wreg, status,2, status,0
 Tracked objects:
		On entry : 
		On exit  : 
		Unchanged: 
 Data sizes:     COMMON   BANK0   BANK1   BANK3   BANK2
      Params:         0       4       0       0       0
      Locals:         0       2       0       0       0
      Temps:          0       1       0       0       0
      Totals:         0       7       0       0       0
Total ram usage:        7 bytes
 Hardware stack levels used:    1
 Hardware stack levels required when called:    1
 This function calls:
		Nothing
 This function is called by:
		_BTD_DECIMAL
		_BTD_UNIDAD
 This function uses a non-reentrant model


 *************** function _BTD_CENTENA *****************
 Defined at:
		line 13 in file "BTD_CONVERTER.c"
 Parameters:    Size  Location     Type
  valor           2    9[BANK0 ] int 
 Auto vars:     Size  Location     Type
  salida          2   11[BANK0 ] int 
 Return value:  Size  Location     Type
                  2    9[BANK0 ] int 
 Registers used:
		wreg, status,2, status,0, pclath, cstack
 Tracked objects:
		On entry : 
		On exit  : 
		Unchanged: 
 Data sizes:     COMMON   BANK0   BANK1   BANK3   BANK2
      Params:         0       2       0       0       0
      Locals:         0       2       0       0       0
      Temps:          0       0       0       0       0
      Totals:         0       4       0       0       0
Total ram usage:        4 bytes
 Hardware stack levels used:    1
 Hardware stack levels required when called:    2
 This function calls:
		___awdiv
 This function is called by:
		_main
 This function uses a non-reentrant model


 *************** function ___awdiv *****************
 Defined at:
		line 5 in file "C:\Program Files\Microchip\xc8\v2.31\pic\sources\c90\common\awdiv.c"
 Parameters:    Size  Location     Type
  divisor         2    0[BANK0 ] int 
  dividend        2    2[BANK0 ] int 
 Auto vars:     Size  Location     Type
  quotient        2    7[BANK0 ] int 
  sign            1    6[BANK0 ] unsigned char 
  counter         1    5[BANK0 ] unsigned char 
 Return value:  Size  Location     Type
                  2    0[BANK0 ] int 
 Registers used:
		wreg, status,2, status,0
 Tracked objects:
		On entry : 
		On exit  : 
		Unchanged: 
 Data sizes:     COMMON   BANK0   BANK1   BANK3   BANK2
      Params:         0       4       0       0       0
      Locals:         0       4       0       0       0
      Temps:          0       1       0       0       0
      Totals:         0       9       0       0       0
Total ram usage:        9 bytes
 Hardware stack levels used:    1
 Hardware stack levels required when called:    1
 This function calls:
		Nothing
 This function is called by:
		_BTD_CENTENA
		_BTD_DECIMAL
 This function uses a non-reentrant model


 *************** function _isr *****************
 Defined at:
		line 50 in file "main.c"
 Parameters:    Size  Location     Type
		None
 Auto vars:     Size  Location     Type
		None
 Return value:  Size  Location     Type
                  1    wreg      void 
 Registers used:
		wreg, fsr0l, fsr0h, status,2, status,0
 Tracked objects:
		On entry : 
		On exit  : 
		Unchanged: 
 Data sizes:     COMMON   BANK0   BANK1   BANK3   BANK2
      Params:         0       0       0       0       0
      Locals:         0       0       0       0       0
      Temps:          5       0       0       0       0
      Totals:         5       0       0       0       0
Total ram usage:        5 bytes
 Hardware stack levels used:    1
 This function calls:
		Nothing
 This function is called by:
		Interrupt level 1
 This function uses a non-reentrant model



MODULE INFORMATION

Module		Function		Class		Link	Load	Size
C:\Program Files\Microchip\xc8\v2.31\pic\sources\c90\common\awmod.c
		___awmod       		CODE           	0242	0000	91

C:\Program Files\Microchip\xc8\v2.31\pic\sources\c90\common\awmod.c estimated size: 91

PRINT_SERIAL.c
		_string_int    		CODE           	029D	0000	89
		_int_string    		CODE           	01E7	0000	91
		_enviar_letra  		CODE           	03C8	0000	10

PRINT_SERIAL.c estimated size: 190

BTD_CONVERTER.c
		_BTD_DECIMAL   		CODE           	036A	0000	45
		_BTD_UNIDAD    		CODE           	033D	0000	45
		_BTD_CENTENA   		CODE           	0397	0000	26

BTD_CONVERTER.c estimated size: 116

C:\Program Files\Microchip\xc8\v2.31\pic\sources\c90\common\awdiv.c
		___awdiv       		CODE           	017E	0000	105

C:\Program Files\Microchip\xc8\v2.31\pic\sources\c90\common\awdiv.c estimated size: 105

shared
		__initialization		CODE           	0011	0000	14

shared estimated size: 14

C:\Program Files\Microchip\xc8\v2.31\pic\sources\c90\common\Umul8.c
		___bmul        		CODE           	03B1	0000	23

C:\Program Files\Microchip\xc8\v2.31\pic\sources\c90\common\Umul8.c estimated size: 23

main.c
		_main          		CODE           	0023	0000	221
		_isr           		CODE           	0100	0000	126
		_setup         		CODE           	02F6	0000	71

main.c estimated size: 418

