Microchip MPLAB XC8 Compiler V2.31

Linker command line:

-W-3 --edf=C:\Program Files\Microchip\xc8\v2.31\pic\dat\en_msgs.txt -cn \
  -h+dist/default/production\Laboratorio3.1.Maestro.X.production.sym \
  --cmf=dist/default/production\Laboratorio3.1.Maestro.X.production.cmf -z \
  -Q16F887 -oC:\Users\Z9\AppData\Local\Temp\s5l0.3 --defsym=__MPLAB_BUILD=1 \
  -Mdist/default/production/Laboratorio3.1.Maestro.X.production.map -E1 \
  -ver=XC8 Compiler --acfsm=1493 -ASTACK=0110h-016Fh -pstack=STACK \
  -ACODE=00h-07FFhx4 -ASTRCODE=00h-01FFFh -ASTRING=00h-0FFhx32 \
  -ACONST=00h-0FFhx32 -AENTRY=00h-0FFhx32 -ACOMMON=070h-07Fh \
  -ABANK0=020h-06Fh -ABANK1=0A0h-0EFh -ABANK2=0110h-016Fh \
  -ABANK3=0190h-01EFh -ARAM=020h-06Fh,0A0h-0EFh,0110h-016Fh,0190h-01EFh \
  -AABS1=020h-07Fh,0A0h-0EFh,0110h-016Fh,0190h-01EFh -ASFR0=00h-01Fh \
  -ASFR1=080h-09Fh -ASFR2=0100h-010Fh -ASFR3=0180h-018Fh \
  -ACONFIG=02007h-02008h -DCONFIG=2 -AIDLOC=02000h-02003h -DIDLOC=2 \
  -AEEDATA=00h-0FFh/02100h -peeprom_data=EEDATA -DEEDATA=2 -DCODE=2 \
  -DSTRCODE=2 -DSTRING=2 -DCONST=2 -DENTRY=2 \
  -preset_vec=00h,intentry=04h,init,end_init -ppowerup=CODE -pcinit=CODE \
  -pfunctab=ENTRY -k C:\Users\Z9\AppData\Local\Temp\s5l0.o \
  dist/default/production\Laboratorio3.1.Maestro.X.production.o 

Object code version is 3.11

Machine type is 16F887



                Name                               Link     Load   Length Selector   Space Scale
C:\Users\Z9\AppData\Local\Temp\s5l0.o
                end_init                              E        E        3        8       0
                reset_vec                             0        0        3        0       0
                config                             2007     2007        2        0       4
dist/default/production\Laboratorio3.1.Maestro.X.production.o
                cinit                                11       11       1F        8       0
                intentry                              4        4        A        8       0
                config                             2007     2007        2        0       4
                text19                              E0C      E0C        7     1C18       0
                text18                              E13      E13        9     1C26       0
                text17                              E06      E06        6     1C0C       0
                text16                              5EF      5EF       8A        8       0
                text15                              6F5      6F5       69        8       0
                text14                              FA5      FA5       5B     1F4A       0
                text13                              EA5      EA5       2D     1D4A       0
                text12                              ED2      ED2       2D     1DA4       0
                text11                              E26      E26       17     1C4C       0
                text10                              E7C      E7C       29     1CF8       0
                text9                                30       30      361        8       0
                text8                               679      679       7C        8       0
                text7                               533      533       BC        8       0
                text6                               E1C      E1C        A     1C38       0
                text5                               75E      75E       5B        8       0
                text4                               E5B      E5B       21     1CB6       0
                text3                               E3D      E3D       1E     1C7A       0
                text2                               EFF      EFF       4D     1DFE       0
                text1                               F4C      F4C       59     1E98       0
                maintext                            391      391      1A2        8       0
                cstackBANK0                          20       20       38       20       1
                cstackCOMMON                         76       76        6       70       1
                inittext                            7ED      7ED       13        8       0
                dataBANK1                            A0       A0       34       A0       1
                bssBANK0                             58       58        7       20       1
                bssCOMMON                            70       70        6       70       1
                strings                             800      800        A     1000       0
                idataBANK1                          7B9      7B9       34        8       0

TOTAL           Name                               Link     Load   Length     Space
        CLASS   STACK          

        CLASS   CODE           
                end_init                              E        E        3         0
                cinit                                11       11       1F         0
                intentry                              4        4        A         0
                reset_vec                             0        0        3         0
                text19                              E0C      E0C        7         0
                text18                              E13      E13        9         0
                text17                              E06      E06        6         0
                text16                              5EF      5EF       8A         0
                text15                              6F5      6F5       69         0
                text14                              FA5      FA5       5B         0
                text13                              EA5      EA5       2D         0
                text12                              ED2      ED2       2D         0
                text11                              E26      E26       17         0
                text10                              E7C      E7C       29         0
                text9                                30       30      361         0
                text8                               679      679       7C         0
                text7                               533      533       BC         0
                text6                               E1C      E1C        A         0
                text5                               75E      75E       5B         0
                text4                               E5B      E5B       21         0
                text3                               E3D      E3D       1E         0
                text2                               EFF      EFF       4D         0
                text1                               F4C      F4C       59         0
                maintext                            391      391      1A2         0
                inittext                            7ED      7ED       13         0
                idataBANK1                          7B9      7B9       34         0

        CLASS   STRCODE        

        CLASS   STRING         
                strings                             800      800        A         0

        CLASS   CONST          

        CLASS   ENTRY          

        CLASS   COMMON         
                cstackCOMMON                         76       76        6         1
                bssCOMMON                            70       70        6         1

        CLASS   BANK0          
                cstackBANK0                          20       20       38         1
                bssBANK0                             58       58        7         1

        CLASS   BANK1          
                dataBANK1                            A0       A0       34         1

        CLASS   BANK2          

        CLASS   BANK3          

        CLASS   RAM            

        CLASS   ABS1           
                abs_s1                               7E       7E        2         1

        CLASS   SFR0           

        CLASS   SFR1           

        CLASS   SFR2           

        CLASS   SFR3           

        CLASS   CONFIG         
                config                             2007     2007        2         4

        CLASS   IDLOC          

        CLASS   EEDATA         



SEGMENTS        Name                           Load    Length   Top    Selector   Space  Class     Delta

                reset_vec                      000000  000003  000003         0       0  CODE        2
                intentry                       000004  0007FC  000800         8       0  CODE        2
                cstackBANK0                    000020  00003F  00005F        20       1  BANK0       1
                bssCOMMON                      000070  00000C  00007C        70       1  COMMON      1
                dataBANK1                      0000A0  000034  0000D4        A0       1  BANK1       1
                strings                        000800  00000A  00080A      1000       0  STRING      2
                text17                         000E06  000006  000E0C      1C0C       0  CODE        2
                text19                         000E0C  000007  000E13      1C18       0  CODE        2
                text18                         000E13  000009  000E1C      1C26       0  CODE        2
                text6                          000E1C  00000A  000E26      1C38       0  CODE        2
                text11                         000E26  000017  000E3D      1C4C       0  CODE        2
                text3                          000E3D  00001E  000E5B      1C7A       0  CODE        2
                text4                          000E5B  000021  000E7C      1CB6       0  CODE        2
                text10                         000E7C  000029  000EA5      1CF8       0  CODE        2
                text13                         000EA5  00002D  000ED2      1D4A       0  CODE        2
                text12                         000ED2  00002D  000EFF      1DA4       0  CODE        2
                text2                          000EFF  00004D  000F4C      1DFE       0  CODE        2
                text1                          000F4C  000059  000FA5      1E98       0  CODE        2
                text14                         000FA5  00005B  001000      1F4A       0  CODE        2


UNUSED ADDRESS RANGES

        Name                Unused          Largest block    Delta
        BANK0            005F-006F             11           1
        BANK1            00D4-00EF             1C           1
        BANK2            0110-016F             60           1
        BANK3            0190-01EF             60           1
        CODE             0003-0003              1           2
                         080A-0E05            5FC
                         1000-1FFF            800
        COMMON           007C-007D              2           1
        CONST            0003-0003              1           2
                         080A-0E05            100
                         1000-1FFF            100
        EEDATA           2100-21FF            100           2
        ENTRY            0003-0003              1           2
                         080A-0E05            100
                         1000-1FFF            100
        IDLOC            2000-2003              4           2
        RAM              005F-006F             11           1
                         00D4-00EF             1C
                         0110-016F             60
                         0190-01EF             60
        SFR0             0000-001F             20           1
        SFR1             0080-009F             20           1
        SFR2             0100-010F             10           1
        SFR3             0180-018F             10           1
        STACK            0110-016F             60           1
        STRCODE          0003-0003              1           2
                         080A-0E05            5FC
                         1000-1FFF           1000
        STRING           0003-0003              1           2
                         080A-0E05            100
                         1000-1FFF            100

                                  Symbol Table

?_BTD_DECIMAL            cstackBANK0  0029
?_BTD_UNIDAD             cstackBANK0  0027
?__Umul8_16              cstackBANK0  0020
?___awdiv                cstackBANK0  0020
?___awmod                cstackBANK0  0020
?___flmul                cstackBANK0  002E
?___fltol                cstackBANK0  0048
?___xxtofl               cstackBANK0  0020
?_int_string             cstackBANK0  002F
?_string_int             cstackBANK0  0020
BCD_DISPLAY@F1449        dataBANK1    00C0
BCH_DISPLAY@F1449        dataBANK1    00A0
BTD_DECIMAL@salida1      cstackBANK0  002D
BTD_DECIMAL@temporal1    cstackBANK0  002B
BTD_DECIMAL@valor1       cstackBANK0  0029
BTD_UNIDAD@salida2       cstackBANK0  002B
BTD_UNIDAD@temporal2     cstackBANK0  0029
BTD_UNIDAD@valor2        cstackBANK0  0027
_ADCON0bits              (abs)        001F
_ADRESH                  (abs)        001E
_ANSEL                   (abs)        0188
_ANSELH                  (abs)        0189
_BRG16                   (abs)        0C3B
_BRGH                    (abs)        04C2
_BTD_DECIMAL             text13       0EA5
_BTD_UNIDAD              text12       0ED2
_Entrada                 bssCOMMON    0075
_INTCONbits              (abs)        000B
_IOCB                    (abs)        0096
_OPTION_REGbits          (abs)        0081
_OSCCONbits              (abs)        008F
_PIE1bits                (abs)        008C
_PIR1bits                (abs)        000C
_PORTA                   (abs)        0005
_PORTB                   (abs)        0006
_PORTC                   (abs)        0007
_PORTCbits               (abs)        0007
_PORTD                   (abs)        0008
_PORTE                   (abs)        0009
_RCIF                    (abs)        0065
_RCREG                   (abs)        001A
_RCSTAbits               (abs)        0018
_RD0                     (abs)        0040
_RD1                     (abs)        0041
_RD2                     (abs)        0042
_RD3                     (abs)        0043
_RD4                     (abs)        0044
_RD5                     (abs)        0045
_RD6                     (abs)        0046
_RD7                     (abs)        0047
_RE0                     (abs)        0048
_RE1                     (abs)        0049
_SPBRG                   (abs)        0099
_SPBRGH                  (abs)        009A
_SSPBUF                  (abs)        0013
_SSPCON                  (abs)        0014
_SSPSTAT                 (abs)        0094
_SSPSTATbits             (abs)        0094
_T0IF                    (abs)        005A
_T1CONbits               (abs)        0010
_TMR0                    (abs)        0001
_TMR1H                   (abs)        000F
_TMR1L                   (abs)        000E
_TRISA                   (abs)        0085
_TRISB                   (abs)        0086
_TRISC                   (abs)        0087
_TRISC2                  (abs)        043A
_TRISC3                  (abs)        043B
_TRISC5                  (abs)        043D
_TRISD                   (abs)        0088
_TRISE                   (abs)        0089
_TXIF                    (abs)        0064
_TXREG                   (abs)        0019
_TXSTAbits               (abs)        0098
_WPUB                    (abs)        0095
__Habs1                  abs1         0000
__Hbank0                 bank0        0000
__Hbank1                 bank1        0000
__Hbank2                 bank2        0000
__Hbank3                 bank3        0000
__HbssBANK0              bssBANK0     0000
__HbssCOMMON             bssCOMMON    0000
__Hcinit                 cinit        0030
__Hclrtext               clrtext      0000
__Hcode                  code         0000
__Hcommon                common       0000
__Hconfig                config       2009
__HcstackBANK0           cstackBANK0  0000
__HcstackCOMMON          cstackCOMMON 0000
__HdataBANK1             dataBANK1    0000
__Heeprom_data           eeprom_data  0000
__Hend_init              end_init     0011
__Hfunctab               functab      0000
__HidataBANK1            idataBANK1   0000
__Hinit                  init         000E
__Hinittext              inittext     0000
__Hintentry              intentry     000E
__Hmaintext              maintext     0000
__Hpowerup               powerup      0000
__Hram                   ram          0000
__Hreset_vec             reset_vec    0003
__Hsfr0                  sfr0         0000
__Hsfr1                  sfr1         0000
__Hsfr2                  sfr2         0000
__Hsfr3                  sfr3         0000
__Hspace_0               (abs)        1000
__Hspace_1               (abs)        00D4
__Hspace_2               (abs)        0000
__Hspace_3               (abs)        0000
__Hspace_4               (abs)        4010
__Hstack                 stack        0000
__Hstrings               strings      0000
__Htext                  text         0000
__Labs1                  abs1         0000
__Lbank0                 bank0        0000
__Lbank1                 bank1        0000
__Lbank2                 bank2        0000
__Lbank3                 bank3        0000
__LbssBANK0              bssBANK0     0000
__LbssCOMMON             bssCOMMON    0000
__Lcinit                 cinit        0011
__Lclrtext               clrtext      0000
__Lcode                  code         0000
__Lcommon                common       0000
__Lconfig                config       0000
__LcstackBANK0           cstackBANK0  0000
__LcstackCOMMON          cstackCOMMON 0000
__LdataBANK1             dataBANK1    0000
__Leeprom_data           eeprom_data  0000
__Lend_init              end_init     000E
__Lfunctab               functab      0000
__LidataBANK1            idataBANK1   0000
__Linit                  init         000E
__Linittext              inittext     0000
__Lintentry              intentry     0004
__Lmaintext              maintext     0000
__Lpowerup               powerup      0000
__Lram                   ram          0000
__Lreset_vec             reset_vec    0000
__Lsfr0                  sfr0         0000
__Lsfr1                  sfr1         0000
__Lsfr2                  sfr2         0000
__Lsfr3                  sfr3         0000
__Lspace_0               (abs)        0000
__Lspace_1               (abs)        0000
__Lspace_2               (abs)        0000
__Lspace_3               (abs)        0000
__Lspace_4               (abs)        0000
__Lstack                 stack        0000
__Lstrings               strings      0000
__Ltext                  text         0000
__S0                     (abs)        1000
__S1                     (abs)        00D4
__S2                     (abs)        0000
__S3                     (abs)        0000
__Umul8_16               text10       0E7C
__Umul8_16@multiplicand  cstackBANK0  0020
__Umul8_16@multiplier    cstackBANK0  0028
__Umul8_16@product       cstackBANK0  0024
__Umul8_16@word_mpld     cstackBANK0  0026
___awdiv                 text15       06F5
___awdiv@counter         cstackBANK0  0025
___awdiv@dividend        cstackBANK0  0022
___awdiv@divisor         cstackBANK0  0020
___awdiv@quotient        cstackBANK0  0027
___awdiv@sign            cstackBANK0  0026
___awmod                 text14       0FA5
___awmod@counter         cstackBANK0  0025
___awmod@dividend        cstackBANK0  0022
___awmod@divisor         cstackBANK0  0020
___awmod@sign            cstackBANK0  0026
___bmul                  text11       0E26
___bmul@multiplicand     cstackBANK0  0022
___bmul@multiplier       cstackBANK0  0025
___bmul@product          cstackBANK0  0024
___flmul                 text9        0030
___flmul@a               cstackBANK0  0032
___flmul@aexp            cstackBANK0  003C
___flmul@b               cstackBANK0  002E
___flmul@bexp            cstackBANK0  0041
___flmul@grs             cstackBANK0  003D
___flmul@prod            cstackBANK0  0042
___flmul@sign            cstackBANK0  003B
___flmul@temp            cstackBANK0  0046
___fltol                 text8        0679
___fltol@exp1            cstackBANK0  0052
___fltol@f1              cstackBANK0  0048
___fltol@sign1           cstackBANK0  0051
___int_sp                stack        0000
___latbits               (abs)        0002
___sp                    stack        0000
___stackhi               (abs)        0000
___stacklo               (abs)        0000
___xxtofl                text7        0533
___xxtofl@arg            cstackBANK0  002A
___xxtofl@exp            cstackBANK0  0029
___xxtofl@sign           cstackBANK0  0028
___xxtofl@val            cstackBANK0  0020
__end_of_BTD_DECIMAL     text13       0ED2
__end_of_BTD_UNIDAD      text12       0EFF
__end_of__Umul8_16       text10       0EA5
__end_of___awdiv         text15       075E
__end_of___awmod         text14       1000
__end_of___bmul          text11       0E3D
__end_of___flmul         text9        0391
__end_of___fltol         text8        06F5
__end_of___xxtofl        text7        05EF
__end_of__initialization cinit        002C
__end_of__stringtab      strings      0806
__end_of_enviar_letra    text6        0E26
__end_of_int_string      text5        07B9
__end_of_isr             text16       0679
__end_of_main            maintext     0533
__end_of_print           text4        0E7C
__end_of_setup           text2        0F4C
__end_of_spiInit         text3        0E5B
__end_of_spiRead         text18       0E1C
__end_of_spiReceiveWait  text19       0E13
__end_of_spiWrite        text17       0E0C
__end_of_string_int      text1        0FA5
__initialization         cinit        0011
__pbssBANK0              bssBANK0     0058
__pbssCOMMON             bssCOMMON    0070
__pcstackBANK0           cstackBANK0  0020
__pcstackCOMMON          cstackCOMMON 0076
__pdataBANK1             dataBANK1    00A0
__pidataBANK1            idataBANK1   07B9
__pintentry              intentry     0004
__pmaintext              maintext     0391
__pstrings               strings      0800
__ptext1                 text1        0F4C
__ptext10                text10       0E7C
__ptext11                text11       0E26
__ptext12                text12       0ED2
__ptext13                text13       0EA5
__ptext14                text14       0FA5
__ptext15                text15       06F5
__ptext16                text16       05EF
__ptext17                text17       0E06
__ptext18                text18       0E13
__ptext19                text19       0E0C
__ptext2                 text2        0EFF
__ptext3                 text3        0E3D
__ptext4                 text4        0E5B
__ptext5                 text5        075E
__ptext6                 text6        0E1C
__ptext7                 text7        0533
__ptext8                 text8        0679
__ptext9                 text9        0030
__size_of_BTD_DECIMAL    (abs)        0000
__size_of_BTD_UNIDAD     (abs)        0000
__size_of__Umul8_16      (abs)        0000
__size_of___awdiv        (abs)        0000
__size_of___awmod        (abs)        0000
__size_of___bmul         (abs)        0000
__size_of___flmul        (abs)        0000
__size_of___fltol        (abs)        0000
__size_of___xxtofl       (abs)        0000
__size_of_enviar_letra   (abs)        0000
__size_of_int_string     (abs)        0000
__size_of_isr            (abs)        0000
__size_of_main           (abs)        0000
__size_of_print          (abs)        0000
__size_of_setup          (abs)        0000
__size_of_spiInit        (abs)        0000
__size_of_spiRead        (abs)        0000
__size_of_spiReceiveWait (abs)        0000
__size_of_spiWrite       (abs)        0000
__size_of_string_int     (abs)        0000
__stringbase             strings      0805
__stringtab              strings      0800
_bandera_SPI             bssCOMMON    0073
_bandera_recibido        bssBANK0     005B
_contador                bssCOMMON    0070
_dato1                   bssCOMMON    0072
_dato2                   bssBANK0     005C
_enviar_letra            text6        0E1C
_int_string              text5        075E
_isr                     text16       05EF
_main                    maintext     0391
_mandar_datos            bssCOMMON    0074
_pot1                    bssBANK0     005E
_pot2                    bssBANK0     005D
_print                   text4        0E5B
_recibido1               bssBANK0     005A
_recibido2               bssBANK0     0059
_recibido3               bssBANK0     0058
_setup                   text2        0EFF
_spiInit                 text3        0E3D
_spiRead                 text18       0E13
_spiReceiveWait          text19       0E0C
_spiWrite                text17       0E06
_string_int              text1        0F4C
_temporal                bssCOMMON    0071
btemp                    (abs)        007E
end_of_initialization    cinit        002C
enviar_letra@letra       cstackBANK0  0020
init_fetch0              inittext     07ED
init_ram0                inittext     07F1
int_string@valor         cstackBANK0  002F
interrupt_function       intentry     0004
intlevel0                functab      0000
intlevel1                functab      0000
intlevel2                functab      0000
intlevel3                functab      0000
intlevel4                functab      0000
intlevel5                functab      0000
print@palabra            cstackBANK0  0021
reset_vec                reset_vec    0000
saved_w                  (abs)        007E
spiInit@sClockIdle       cstackBANK0  0021
spiInit@sDataSample      cstackBANK0  0020
spiInit@sTransmitEdge    cstackBANK0  0022
spiInit@sType            cstackBANK0  0023
spiWrite@dat             cstackCOMMON 0076
start                    init         000E
start_initialization     cinit        0011
string_int@valor         cstackBANK0  0020
wtemp0                   (abs)        007E


FUNCTION INFORMATION:

 *************** function _main *****************
 Defined at:
		line 98 in file "main.c"
 Parameters:    Size  Location     Type
		None
 Auto vars:     Size  Location     Type
		None
 Return value:  Size  Location     Type
                  1    wreg      void 
 Registers used:
		wreg, fsr0l, fsr0h, status,2, status,0, btemp+1, pclath, cstack
 Tracked objects:
		On entry : 
		On exit  : 
		Unchanged: 
 Data sizes:     COMMON   BANK0   BANK1   BANK3   BANK2
      Params:         0       0       0       0       0
      Locals:         0       0       0       0       0
      Temps:          0       5       0       0       0
      Totals:         0       5       0       0       0
Total ram usage:        5 bytes
 Hardware stack levels required when called:    5
 This function calls:
		_BTD_DECIMAL
		_BTD_UNIDAD
		___bmul
		___flmul
		___fltol
		___xxtofl
		_enviar_letra
		_int_string
		_print
		_setup
		_string_int
 This function is called by:
		Startup code after reset
 This function uses a non-reentrant model


 *************** function _string_int *****************
 Defined at:
		line 55 in file "PRINT_SERIAL.c"
 Parameters:    Size  Location     Type
  valor           2    0[BANK0 ] int 
 Auto vars:     Size  Location     Type
		None
 Return value:  Size  Location     Type
                  2    0[BANK0 ] int 
 Registers used:
		wreg, fsr0l, fsr0h, status,2, status,0
 Tracked objects:
		On entry : 
		On exit  : 
		Unchanged: 
 Data sizes:     COMMON   BANK0   BANK1   BANK3   BANK2
      Params:         0       2       0       0       0
      Locals:         0       0       0       0       0
      Temps:          0       0       0       0       0
      Totals:         0       2       0       0       0
Total ram usage:        2 bytes
 Hardware stack levels used:    1
 Hardware stack levels required when called:    3
 This function calls:
		Nothing
 This function is called by:
		_main
 This function uses a non-reentrant model


 *************** function _setup *****************
 Defined at:
		line 136 in file "main.c"
 Parameters:    Size  Location     Type
		None
 Auto vars:     Size  Location     Type
		None
 Return value:  Size  Location     Type
                  1    wreg      void 
 Registers used:
		wreg, status,2, status,0, pclath, cstack
 Tracked objects:
		On entry : 
		On exit  : 
		Unchanged: 
 Data sizes:     COMMON   BANK0   BANK1   BANK3   BANK2
      Params:         0       0       0       0       0
      Locals:         0       0       0       0       0
      Temps:          0       0       0       0       0
      Totals:         0       0       0       0       0
Total ram usage:        0 bytes
 Hardware stack levels used:    1
 Hardware stack levels required when called:    4
 This function calls:
		_spiInit
 This function is called by:
		_main
 This function uses a non-reentrant model


 *************** function _spiInit *****************
 Defined at:
		line 12 in file "SPI.c"
 Parameters:    Size  Location     Type
  sType           1    wreg     enum E1264
  sDataSample     1    0[BANK0 ] enum E1272
  sClockIdle      1    1[BANK0 ] enum E1276
  sTransmitEdg    1    2[BANK0 ] enum E1280
 Auto vars:     Size  Location     Type
  sType           1    3[BANK0 ] enum E1264
 Return value:  Size  Location     Type
                  1    wreg      void 
 Registers used:
		wreg, status,2, status,0
 Tracked objects:
		On entry : 
		On exit  : 
		Unchanged: 
 Data sizes:     COMMON   BANK0   BANK1   BANK3   BANK2
      Params:         0       3       0       0       0
      Locals:         0       1       0       0       0
      Temps:          0       0       0       0       0
      Totals:         0       4       0       0       0
Total ram usage:        4 bytes
 Hardware stack levels used:    1
 Hardware stack levels required when called:    3
 This function calls:
		Nothing
 This function is called by:
		_setup
 This function uses a non-reentrant model


 *************** function _print *****************
 Defined at:
		line 16 in file "PRINT_SERIAL.c"
 Parameters:    Size  Location     Type
  palabra         1    wreg     PTR unsigned char 
		 -> STR_2(2), STR_1(2), 
 Auto vars:     Size  Location     Type
  palabra         1    1[BANK0 ] PTR unsigned char 
		 -> STR_2(2), STR_1(2), 
 Return value:  Size  Location     Type
                  1    wreg      void 
 Registers used:
		wreg, fsr0l, fsr0h, status,2, status,0, pclath
 Tracked objects:
		On entry : 
		On exit  : 
		Unchanged: 
 Data sizes:     COMMON   BANK0   BANK1   BANK3   BANK2
      Params:         0       0       0       0       0
      Locals:         0       1       0       0       0
      Temps:          0       1       0       0       0
      Totals:         0       2       0       0       0
Total ram usage:        2 bytes
 Hardware stack levels used:    1
 Hardware stack levels required when called:    3
 This function calls:
		Nothing
 This function is called by:
		_main
 This function uses a non-reentrant model


 *************** function _int_string *****************
 Defined at:
		line 39 in file "PRINT_SERIAL.c"
 Parameters:    Size  Location     Type
  valor           2   15[BANK0 ] int 
 Auto vars:     Size  Location     Type
		None
 Return value:  Size  Location     Type
                  2   15[BANK0 ] int 
 Registers used:
		wreg, fsr0l, fsr0h, status,2, status,0
 Tracked objects:
		On entry : 
		On exit  : 
		Unchanged: 
 Data sizes:     COMMON   BANK0   BANK1   BANK3   BANK2
      Params:         0       2       0       0       0
      Locals:         0       0       0       0       0
      Temps:          0       0       0       0       0
      Totals:         0       2       0       0       0
Total ram usage:        2 bytes
 Hardware stack levels used:    1
 Hardware stack levels required when called:    3
 This function calls:
		Nothing
 This function is called by:
		_main
 This function uses a non-reentrant model


 *************** function _enviar_letra *****************
 Defined at:
		line 34 in file "PRINT_SERIAL.c"
 Parameters:    Size  Location     Type
  letra           1    wreg     unsigned char 
 Auto vars:     Size  Location     Type
  letra           1    0[BANK0 ] unsigned char 
 Return value:  Size  Location     Type
                  1    wreg      void 
 Registers used:
		wreg
 Tracked objects:
		On entry : 
		On exit  : 
		Unchanged: 
 Data sizes:     COMMON   BANK0   BANK1   BANK3   BANK2
      Params:         0       0       0       0       0
      Locals:         0       1       0       0       0
      Temps:          0       0       0       0       0
      Totals:         0       1       0       0       0
Total ram usage:        1 bytes
 Hardware stack levels used:    1
 Hardware stack levels required when called:    3
 This function calls:
		Nothing
 This function is called by:
		_main
		_println
 This function uses a non-reentrant model


 *************** function ___xxtofl *****************
 Defined at:
		line 10 in file "C:\Program Files\Microchip\xc8\v2.31\pic\sources\c90\common\xxtofl.c"
 Parameters:    Size  Location     Type
  sign            1    wreg     unsigned char 
  val             4    0[BANK0 ] long 
 Auto vars:     Size  Location     Type
  sign            1    8[BANK0 ] unsigned char 
  arg             4   10[BANK0 ] unsigned long 
  exp             1    9[BANK0 ] unsigned char 
 Return value:  Size  Location     Type
                  4    0[BANK0 ] unsigned char 
 Registers used:
		wreg, status,2, status,0
 Tracked objects:
		On entry : 
		On exit  : 
		Unchanged: 
 Data sizes:     COMMON   BANK0   BANK1   BANK3   BANK2
      Params:         0       4       0       0       0
      Locals:         0       6       0       0       0
      Temps:          0       4       0       0       0
      Totals:         0      14       0       0       0
Total ram usage:       14 bytes
 Hardware stack levels used:    1
 Hardware stack levels required when called:    3
 This function calls:
		Nothing
 This function is called by:
		_main
 This function uses a non-reentrant model


 *************** function ___fltol *****************
 Defined at:
		line 43 in file "C:\Program Files\Microchip\xc8\v2.31\pic\sources\c90\common\fltol.c"
 Parameters:    Size  Location     Type
  f1              4   40[BANK0 ] unsigned char 
 Auto vars:     Size  Location     Type
  exp1            1   50[BANK0 ] unsigned char 
  sign1           1   49[BANK0 ] unsigned char 
 Return value:  Size  Location     Type
                  4   40[BANK0 ] long 
 Registers used:
		wreg, status,2, status,0
 Tracked objects:
		On entry : 
		On exit  : 
		Unchanged: 
 Data sizes:     COMMON   BANK0   BANK1   BANK3   BANK2
      Params:         0       4       0       0       0
      Locals:         0       2       0       0       0
      Temps:          0       5       0       0       0
      Totals:         0      11       0       0       0
Total ram usage:       11 bytes
 Hardware stack levels used:    1
 Hardware stack levels required when called:    3
 This function calls:
		Nothing
 This function is called by:
		_main
 This function uses a non-reentrant model


 *************** function ___flmul *****************
 Defined at:
		line 8 in file "C:\Program Files\Microchip\xc8\v2.31\pic\sources\c90\common\sprcmul.c"
 Parameters:    Size  Location     Type
  b               4   14[BANK0 ] long 
  a               4   18[BANK0 ] long 
 Auto vars:     Size  Location     Type
  prod            4   34[BANK0 ] struct .
  grs             4   29[BANK0 ] unsigned long 
  temp            2   38[BANK0 ] struct .
  bexp            1   33[BANK0 ] unsigned char 
  aexp            1   28[BANK0 ] unsigned char 
  sign            1   27[BANK0 ] unsigned char 
 Return value:  Size  Location     Type
                  4   14[BANK0 ] unsigned char 
 Registers used:
		wreg, status,2, status,0, btemp+1, pclath, cstack
 Tracked objects:
		On entry : 
		On exit  : 
		Unchanged: 
 Data sizes:     COMMON   BANK0   BANK1   BANK3   BANK2
      Params:         0       8       0       0       0
      Locals:         0      13       0       0       0
      Temps:          0       5       0       0       0
      Totals:         0      26       0       0       0
Total ram usage:       26 bytes
 Hardware stack levels used:    1
 Hardware stack levels required when called:    4
 This function calls:
		__Umul8_16
 This function is called by:
		_main
 This function uses a non-reentrant model


 *************** function __Umul8_16 *****************
 Defined at:
		line 4 in file "C:\Program Files\Microchip\xc8\v2.31\pic\sources\c90\common\Umul8_16.c"
 Parameters:    Size  Location     Type
  multiplier      1    wreg     unsigned char 
  multiplicand    1    0[BANK0 ] unsigned char 
 Auto vars:     Size  Location     Type
  multiplier      1    8[BANK0 ] unsigned char 
  word_mpld       2    6[BANK0 ] unsigned int 
  product         2    4[BANK0 ] unsigned int 
 Return value:  Size  Location     Type
                  2    0[BANK0 ] unsigned int 
 Registers used:
		wreg, status,2, status,0
 Tracked objects:
		On entry : 
		On exit  : 
		Unchanged: 
 Data sizes:     COMMON   BANK0   BANK1   BANK3   BANK2
      Params:         0       2       0       0       0
      Locals:         0       5       0       0       0
      Temps:          0       2       0       0       0
      Totals:         0       9       0       0       0
Total ram usage:        9 bytes
 Hardware stack levels used:    1
 Hardware stack levels required when called:    3
 This function calls:
		Nothing
 This function is called by:
		___flmul
 This function uses a non-reentrant model


 *************** function ___bmul *****************
 Defined at:
		line 4 in file "C:\Program Files\Microchip\xc8\v2.31\pic\sources\c90\common\Umul8.c"
 Parameters:    Size  Location     Type
  multiplier      1    wreg     unsigned char 
  multiplicand    1    2[BANK0 ] unsigned char 
 Auto vars:     Size  Location     Type
  multiplier      1    5[BANK0 ] unsigned char 
  product         1    4[BANK0 ] unsigned char 
 Return value:  Size  Location     Type
                  1    wreg      unsigned char 
 Registers used:
		wreg, status,2, status,0
 Tracked objects:
		On entry : 
		On exit  : 
		Unchanged: 
 Data sizes:     COMMON   BANK0   BANK1   BANK3   BANK2
      Params:         0       1       0       0       0
      Locals:         0       2       0       0       0
      Temps:          0       1       0       0       0
      Totals:         0       4       0       0       0
Total ram usage:        4 bytes
 Hardware stack levels used:    1
 Hardware stack levels required when called:    3
 This function calls:
		Nothing
 This function is called by:
		_main
 This function uses a non-reentrant model


 *************** function _BTD_UNIDAD *****************
 Defined at:
		line 25 in file "BTD_CONVERTER.c"
 Parameters:    Size  Location     Type
  valor2          2    7[BANK0 ] int 
 Auto vars:     Size  Location     Type
  salida2         2   11[BANK0 ] int 
  temporal2       2    9[BANK0 ] int 
 Return value:  Size  Location     Type
                  2    7[BANK0 ] int 
 Registers used:
		wreg, status,2, status,0, pclath, cstack
 Tracked objects:
		On entry : 
		On exit  : 
		Unchanged: 
 Data sizes:     COMMON   BANK0   BANK1   BANK3   BANK2
      Params:         0       2       0       0       0
      Locals:         0       4       0       0       0
      Temps:          0       0       0       0       0
      Totals:         0       6       0       0       0
Total ram usage:        6 bytes
 Hardware stack levels used:    1
 Hardware stack levels required when called:    4
 This function calls:
		___awmod
 This function is called by:
		_main
 This function uses a non-reentrant model


 *************** function _BTD_DECIMAL *****************
 Defined at:
		line 18 in file "BTD_CONVERTER.c"
 Parameters:    Size  Location     Type
  valor1          2    9[BANK0 ] int 
 Auto vars:     Size  Location     Type
  salida1         2   13[BANK0 ] int 
  temporal1       2   11[BANK0 ] int 
 Return value:  Size  Location     Type
                  2    9[BANK0 ] int 
 Registers used:
		wreg, status,2, status,0, pclath, cstack
 Tracked objects:
		On entry : 
		On exit  : 
		Unchanged: 
 Data sizes:     COMMON   BANK0   BANK1   BANK3   BANK2
      Params:         0       2       0       0       0
      Locals:         0       4       0       0       0
      Temps:          0       0       0       0       0
      Totals:         0       6       0       0       0
Total ram usage:        6 bytes
 Hardware stack levels used:    1
 Hardware stack levels required when called:    4
 This function calls:
		___awdiv
		___awmod
 This function is called by:
		_main
 This function uses a non-reentrant model


 *************** function ___awmod *****************
 Defined at:
		line 5 in file "C:\Program Files\Microchip\xc8\v2.31\pic\sources\c90\common\awmod.c"
 Parameters:    Size  Location     Type
  divisor         2    0[BANK0 ] int 
  dividend        2    2[BANK0 ] int 
 Auto vars:     Size  Location     Type
  sign            1    6[BANK0 ] unsigned char 
  counter         1    5[BANK0 ] unsigned char 
 Return value:  Size  Location     Type
                  2    0[BANK0 ] int 
 Registers used:
		wreg, status,2, status,0
 Tracked objects:
		On entry : 
		On exit  : 
		Unchanged: 
 Data sizes:     COMMON   BANK0   BANK1   BANK3   BANK2
      Params:         0       4       0       0       0
      Locals:         0       2       0       0       0
      Temps:          0       1       0       0       0
      Totals:         0       7       0       0       0
Total ram usage:        7 bytes
 Hardware stack levels used:    1
 Hardware stack levels required when called:    3
 This function calls:
		Nothing
 This function is called by:
		_BTD_DECIMAL
		_BTD_UNIDAD
 This function uses a non-reentrant model


 *************** function ___awdiv *****************
 Defined at:
		line 5 in file "C:\Program Files\Microchip\xc8\v2.31\pic\sources\c90\common\awdiv.c"
 Parameters:    Size  Location     Type
  divisor         2    0[BANK0 ] int 
  dividend        2    2[BANK0 ] int 
 Auto vars:     Size  Location     Type
  quotient        2    7[BANK0 ] int 
  sign            1    6[BANK0 ] unsigned char 
  counter         1    5[BANK0 ] unsigned char 
 Return value:  Size  Location     Type
                  2    0[BANK0 ] int 
 Registers used:
		wreg, status,2, status,0
 Tracked objects:
		On entry : 
		On exit  : 
		Unchanged: 
 Data sizes:     COMMON   BANK0   BANK1   BANK3   BANK2
      Params:         0       4       0       0       0
      Locals:         0       4       0       0       0
      Temps:          0       1       0       0       0
      Totals:         0       9       0       0       0
Total ram usage:        9 bytes
 Hardware stack levels used:    1
 Hardware stack levels required when called:    3
 This function calls:
		Nothing
 This function is called by:
		_BTD_DECIMAL
		_BTD_CENTENA
 This function uses a non-reentrant model


 *************** function _isr *****************
 Defined at:
		line 53 in file "main.c"
 Parameters:    Size  Location     Type
		None
 Auto vars:     Size  Location     Type
		None
 Return value:  Size  Location     Type
                  1    wreg      void 
 Registers used:
		wreg, fsr0l, fsr0h, status,2, status,0, pclath, cstack
 Tracked objects:
		On entry : 
		On exit  : 
		Unchanged: 
 Data sizes:     COMMON   BANK0   BANK1   BANK3   BANK2
      Params:         0       0       0       0       0
      Locals:         0       0       0       0       0
      Temps:          5       0       0       0       0
      Totals:         5       0       0       0       0
Total ram usage:        5 bytes
 Hardware stack levels used:    1
 Hardware stack levels required when called:    2
 This function calls:
		_spiRead
		_spiWrite
 This function is called by:
		Interrupt level 1
 This function uses a non-reentrant model


 *************** function _spiWrite *****************
 Defined at:
		line 34 in file "SPI.c"
 Parameters:    Size  Location     Type
  dat             1    wreg     unsigned char 
 Auto vars:     Size  Location     Type
  dat             1    0[COMMON] unsigned char 
 Return value:  Size  Location     Type
                  1    wreg      void 
 Registers used:
		wreg
 Tracked objects:
		On entry : 
		On exit  : 
		Unchanged: 
 Data sizes:     COMMON   BANK0   BANK1   BANK3   BANK2
      Params:         0       0       0       0       0
      Locals:         1       0       0       0       0
      Temps:          0       0       0       0       0
      Totals:         1       0       0       0       0
Total ram usage:        1 bytes
 Hardware stack levels used:    1
 This function calls:
		Nothing
 This function is called by:
		_isr
 This function uses a non-reentrant model


 *************** function _spiRead *****************
 Defined at:
		line 47 in file "SPI.c"
 Parameters:    Size  Location     Type
		None
 Auto vars:     Size  Location     Type
		None
 Return value:  Size  Location     Type
                  1    wreg      unsigned char 
 Registers used:
		wreg, status,2, status,0, pclath, cstack
 Tracked objects:
		On entry : 
		On exit  : 
		Unchanged: 
 Data sizes:     COMMON   BANK0   BANK1   BANK3   BANK2
      Params:         0       0       0       0       0
      Locals:         0       0       0       0       0
      Temps:          0       0       0       0       0
      Totals:         0       0       0       0       0
Total ram usage:        0 bytes
 Hardware stack levels used:    1
 Hardware stack levels required when called:    1
 This function calls:
		_spiReceiveWait
 This function is called by:
		_isr
 This function uses a non-reentrant model


 *************** function _spiReceiveWait *****************
 Defined at:
		line 29 in file "SPI.c"
 Parameters:    Size  Location     Type
		None
 Auto vars:     Size  Location     Type
		None
 Return value:  Size  Location     Type
                  1    wreg      void 
 Registers used:
		None
 Tracked objects:
		On entry : 
		On exit  : 
		Unchanged: 
 Data sizes:     COMMON   BANK0   BANK1   BANK3   BANK2
      Params:         0       0       0       0       0
      Locals:         0       0       0       0       0
      Temps:          0       0       0       0       0
      Totals:         0       0       0       0       0
Total ram usage:        0 bytes
 Hardware stack levels used:    1
 This function calls:
		Nothing
 This function is called by:
		_spiRead
 This function uses a non-reentrant model



MODULE INFORMATION

Module		Function		Class		Link	Load	Size
C:\Program Files\Microchip\xc8\v2.31\pic\sources\c90\common\sprcmul.c
		___flmul       		CODE           	0030	0000	865

C:\Program Files\Microchip\xc8\v2.31\pic\sources\c90\common\sprcmul.c estimated size: 865

C:\Program Files\Microchip\xc8\v2.31\pic\sources\c90\common\Umul8_16.c
		__Umul8_16     		CODE           	0E7C	0000	41

C:\Program Files\Microchip\xc8\v2.31\pic\sources\c90\common\Umul8_16.c estimated size: 41

C:\Program Files\Microchip\xc8\v2.31\pic\sources\c90\common\awmod.c
		___awmod       		CODE           	0FA5	0000	91

C:\Program Files\Microchip\xc8\v2.31\pic\sources\c90\common\awmod.c estimated size: 91

PRINT_SERIAL.c
		_string_int    		CODE           	0F4C	0000	89
		_print         		CODE           	0E5B	0000	33
		_int_string    		CODE           	075E	0000	91
		_enviar_letra  		CODE           	0E1C	0000	10

PRINT_SERIAL.c estimated size: 223

BTD_CONVERTER.c
		_BTD_DECIMAL   		CODE           	0EA5	0000	45
		_BTD_UNIDAD    		CODE           	0ED2	0000	45

BTD_CONVERTER.c estimated size: 90

C:\Program Files\Microchip\xc8\v2.31\pic\sources\c90\common\awdiv.c
		___awdiv       		CODE           	06F5	0000	105

C:\Program Files\Microchip\xc8\v2.31\pic\sources\c90\common\awdiv.c estimated size: 105

shared
		__stringtab    		STRING         	0800	0000	6
		__initialization		CODE           	0011	0000	27

shared estimated size: 33

C:\Program Files\Microchip\xc8\v2.31\pic\sources\c90\common\fltol.c
		___fltol       		CODE           	0679	0000	124

C:\Program Files\Microchip\xc8\v2.31\pic\sources\c90\common\fltol.c estimated size: 124

C:\Program Files\Microchip\xc8\v2.31\pic\sources\c90\common\xxtofl.c
		___xxtofl      		CODE           	0533	0000	188

C:\Program Files\Microchip\xc8\v2.31\pic\sources\c90\common\xxtofl.c estimated size: 188

C:\Program Files\Microchip\xc8\v2.31\pic\sources\c90\common\Umul8.c
		___bmul        		CODE           	0E26	0000	23

C:\Program Files\Microchip\xc8\v2.31\pic\sources\c90\common\Umul8.c estimated size: 23

SPI.c
		_spiWrite      		CODE           	0E06	0000	6
		_spiInit       		CODE           	0E3D	0000	30
		_spiReceiveWait		CODE           	0E0C	0000	7
		_spiRead       		CODE           	0E13	0000	9

SPI.c estimated size: 52

main.c
		_main          		CODE           	0391	0000	418
		_isr           		CODE           	05EF	0000	138
		_setup         		CODE           	0EFF	0000	77

main.c estimated size: 633

